<html>
<body>
<pre>
<h1>µVision Build Log</h1>
<h2>Tool Versions:</h2>
IDE-Version: ¦ÌVision V5.25.3.0
Copyright (C) 2018 ARM Ltd and ARM Germany GmbH. All rights reserved.
License Information: 11 solozhien@outlook.com, 111, LIC=21E4T-RSR2Q-PC5J8-3M99L-87HGU-G5R47
 
Tool Versions:
Toolchain:       MDK-ARM Plus  Version: 5.25.2.0
Toolchain Path:  D:\Keil_v5\ARM\ARMCC\Bin
C Compiler:      Armcc.exe V5.06 update 6 (build 750)
Assembler:       Armasm.exe V5.06 update 6 (build 750)
Linker/Locator:  ArmLink.exe V5.06 update 6 (build 750)
Library Manager: ArmAr.exe V5.06 update 6 (build 750)
Hex Converter:   FromElf.exe V5.06 update 6 (build 750)
CPU DLL:         SARMCM3.DLL V5.25.2.0
Dialog DLL:      DCM.DLL V1.17.1.0
Target DLL:      Segger\JL2CM3.dll V2.99.29.0
Dialog DLL:      TCM.DLL V1.35.1.0
 
<h2>Project:</h2>
D:\hk32f103cbt6\hk32f103cbt6a_razer\MDK_ARM\razer_dock.uvprojx
Project File Date:  11/09/2023

<h2>Output:</h2>
*** Using Compiler 'V5.06 update 6 (build 750)', folder: 'D:\Keil_v5\ARM\ARMCC\Bin'
Rebuild target 'razer_dock'
compiling core_cm3.c...
compiling delay.c...
compiling hk32f10x_dac.c...
compiling sys.c...
compiling usart.c...
compiling hk32f10x_crc.c...
compiling hk32f10x_bkp.c...
compiling hk32f10x_dbgmcu.c...
compiling hk32f10x_exti.c...
compiling system_hk32f10x.c...
compiling hk32f10x_adc.c...
compiling hk32f10x_dma.c...
compiling hk32f10x_can.c...
compiling hk32f10x_flash.c...
compiling hk32f10x_fsmc.c...
compiling hk32f10x_gpio.c...
compiling hk32f10x_iwdg.c...
compiling hk32f10x_i2c.c...
compiling hk32f10x_pwr.c...
assembling startup_hk32f103xB.s...
compiling hk32f10x_rcc.c...
compiling hk32f10x_rtc.c...
compiling hk32f10x_sdio.c...
compiling hk32f10x_spi.c...
compiling hk32f10x_wwdg.c...
compiling hk32f10x_usart.c...
compiling misc.c...
compiling hk32f10x_tim.c...
compiling hk32f10x_it.c...
compiling hq_i2c.c...
compiling main.c...
linking...
Program Size: Code=2736 RO-data=268 RW-data=80 ZI-data=1632  
".\Objects\razer_dock.axf" - 0 Error(s), 0 Warning(s).

<h2>Software Packages used:</h2>

Package Vendor: HKMicroChip
                http://www.hsxp-hk.com/companyfile/2/HKMicroChip.HK32F1xx_DFP.1.0.6.pack
                HKMicroChip.HK32F1xx_DFP.1.0.6
                HKMicroChip HK32F1 ARM Cortex-M3 Device Family Pack Device Support

<h2>Collection of Component include folders:</h2>
  .\RTE\_razer_dock

<h2>Collection of Component Files used:</h2>
Build Time Elapsed:  00:00:01
</pre>
</body>
</html>
