Component: ARM Compiler 5.06 update 6 (build 750) Tool: armlink [4d35ed]

==============================================================================

Section Cross References

    delay.o(i.delay_init) refers to misc.o(i.SysTick_CLKSourceConfig) for SysTick_CLKSourceConfig
    delay.o(i.delay_init) refers to system_hk32f10x.o(.data) for SystemCoreClock
    delay.o(i.delay_init) refers to delay.o(.data) for fac_us
    delay.o(i.delay_ms) refers to delay.o(.data) for fac_ms
    delay.o(i.delay_us) refers to delay.o(.data) for fac_us
    sys.o(i.NVIC_Configuration) refers to misc.o(i.NVIC_PriorityGroupConfig) for NVIC_PriorityGroupConfig
    usart.o(i.USART3_Init) refers (Special) to use_no_semi_2.o(.text) for __use_no_semihosting
    usart.o(i.USART3_Init) refers to hk32f10x_rcc.o(i.RCC_APB2PeriphClockCmd) for RCC_APB2PeriphClockCmd
    usart.o(i.USART3_Init) refers to hk32f10x_rcc.o(i.RCC_APB1PeriphClockCmd) for RCC_APB1PeriphClockCmd
    usart.o(i.USART3_Init) refers to hk32f10x_gpio.o(i.GPIO_Init) for GPIO_Init
    usart.o(i.USART3_Init) refers to hk32f10x_usart.o(i.USART_Init) for USART_Init
    usart.o(i.USART3_Init) refers to hk32f10x_usart.o(i.USART_ITConfig) for USART_ITConfig
    usart.o(i.USART3_Init) refers to hk32f10x_usart.o(i.USART_Cmd) for USART_Cmd
    usart.o(i.USART3_Init) refers to misc.o(i.NVIC_Init) for NVIC_Init
    usart.o(i.USART3_SendByte) refers (Special) to use_no_semi_2.o(.text) for __use_no_semihosting
    usart.o(i._sys_exit) refers (Special) to use_no_semi_2.o(.text) for __use_no_semihosting
    usart.o(i.fputc) refers (Special) to use_no_semi_2.o(.text) for __use_no_semihosting
    usart.o(.data) refers (Special) to use_no_semi_2.o(.text) for __use_no_semihosting
    system_hk32f10x.o(i.SetSysClock) refers to system_hk32f10x.o(i.SetSysClockToHSI64) for SetSysClockToHSI64
    system_hk32f10x.o(i.SystemCoreClockUpdate) refers to system_hk32f10x.o(.data) for SystemCoreClock
    system_hk32f10x.o(i.SystemInit) refers to system_hk32f10x.o(i.SetSysClock) for SetSysClock
    hk32f10x_adc.o(i.ADC_DeInit) refers to hk32f10x_rcc.o(i.RCC_APB2PeriphResetCmd) for RCC_APB2PeriphResetCmd
    hk32f10x_bkp.o(i.BKP_DeInit) refers to hk32f10x_rcc.o(i.RCC_BackupResetCmd) for RCC_BackupResetCmd
    hk32f10x_can.o(i.CAN_DeInit) refers to hk32f10x_rcc.o(i.RCC_APB1PeriphResetCmd) for RCC_APB1PeriphResetCmd
    hk32f10x_can.o(i.CAN_GetITStatus) refers to hk32f10x_can.o(i.CheckITStatus) for CheckITStatus
    hk32f10x_dac.o(i.DAC_DeInit) refers to hk32f10x_rcc.o(i.RCC_APB1PeriphResetCmd) for RCC_APB1PeriphResetCmd
    hk32f10x_flash.o(i.FLASH_EnableWriteProtection) refers to hk32f10x_flash.o(i.FLASH_WaitForLastOperation) for FLASH_WaitForLastOperation
    hk32f10x_flash.o(i.FLASH_EraseAllBank1Pages) refers to hk32f10x_flash.o(i.FLASH_WaitForLastBank1Operation) for FLASH_WaitForLastBank1Operation
    hk32f10x_flash.o(i.FLASH_EraseAllPages) refers to hk32f10x_flash.o(i.FLASH_WaitForLastOperation) for FLASH_WaitForLastOperation
    hk32f10x_flash.o(i.FLASH_EraseOptionBytes) refers to hk32f10x_flash.o(i.FLASH_GetReadOutProtectionStatus) for FLASH_GetReadOutProtectionStatus
    hk32f10x_flash.o(i.FLASH_EraseOptionBytes) refers to hk32f10x_flash.o(i.FLASH_WaitForLastOperation) for FLASH_WaitForLastOperation
    hk32f10x_flash.o(i.FLASH_ErasePage) refers to hk32f10x_flash.o(i.FLASH_WaitForLastOperation) for FLASH_WaitForLastOperation
    hk32f10x_flash.o(i.FLASH_ProgramHalfWord) refers to hk32f10x_flash.o(i.FLASH_WaitForLastOperation) for FLASH_WaitForLastOperation
    hk32f10x_flash.o(i.FLASH_ProgramOptionByteData) refers to hk32f10x_flash.o(i.FLASH_WaitForLastOperation) for FLASH_WaitForLastOperation
    hk32f10x_flash.o(i.FLASH_ProgramWord) refers to hk32f10x_flash.o(i.FLASH_WaitForLastOperation) for FLASH_WaitForLastOperation
    hk32f10x_flash.o(i.FLASH_ReadOutProtection) refers to hk32f10x_flash.o(i.FLASH_WaitForLastOperation) for FLASH_WaitForLastOperation
    hk32f10x_flash.o(i.FLASH_UserOptionByteConfig) refers to hk32f10x_flash.o(i.FLASH_WaitForLastOperation) for FLASH_WaitForLastOperation
    hk32f10x_flash.o(i.FLASH_WaitForLastBank1Operation) refers to hk32f10x_flash.o(i.FLASH_GetBank1Status) for FLASH_GetBank1Status
    hk32f10x_flash.o(i.FLASH_WaitForLastOperation) refers to hk32f10x_flash.o(i.FLASH_GetBank1Status) for FLASH_GetBank1Status
    hk32f10x_gpio.o(i.GPIO_AFIODeInit) refers to hk32f10x_rcc.o(i.RCC_APB2PeriphResetCmd) for RCC_APB2PeriphResetCmd
    hk32f10x_gpio.o(i.GPIO_DeInit) refers to hk32f10x_rcc.o(i.RCC_APB2PeriphResetCmd) for RCC_APB2PeriphResetCmd
    hk32f10x_i2c.o(i.I2C_DeInit) refers to hk32f10x_rcc.o(i.RCC_APB1PeriphResetCmd) for RCC_APB1PeriphResetCmd
    hk32f10x_i2c.o(i.I2C_Init) refers to hk32f10x_rcc.o(i.RCC_GetClocksFreq) for RCC_GetClocksFreq
    hk32f10x_pwr.o(i.PWR_DeInit) refers to hk32f10x_rcc.o(i.RCC_APB1PeriphResetCmd) for RCC_APB1PeriphResetCmd
    hk32f10x_rcc.o(i.RCC_GetClocksFreq) refers to hk32f10x_rcc.o(.data) for APBAHBPrescTable
[...]
    hq_i2c.o(i.I2C_WriteNByte) refers to hk32f10x_i2c.o(i.I2C_GenerateSTART) for I2C_GenerateSTART
    hq_i2c.o(i.I2C_WriteNByte) refers to hk32f10x_i2c.o(i.I2C_CheckEvent) for I2C_CheckEvent
    hq_i2c.o(i.I2C_WriteNByte) refers to hk32f10x_i2c.o(i.I2C_Send7bitAddress) for I2C_Send7bitAddress
    hq_i2c.o(i.I2C_WriteNByte) refers to hk32f10x_i2c.o(i.I2C_SendData) for I2C_SendData
    hq_i2c.o(i.I2C_WriteNByte) refers to hk32f10x_i2c.o(i.I2C_GenerateSTOP) for I2C_GenerateSTOP
    hq_i2c.o(i.fx_i2c) refers to hq_i2c.o(i.I2C_WriteNByte) for I2C_WriteNByte
    use_no_semi_2.o(.text) refers (Special) to use_no_semi.o(.text) for __use_no_semihosting_swi
    __main.o(!!!main) refers to __rtentry.o(.ARM.Collect$$rtentry$$00000000) for __rt_entry
    __rtentry.o(.ARM.Collect$$rtentry$$00000000) refers (Special) to __rtentry2.o(.ARM.Collect$$rtentry$$0000000A) for __rt_entry_li
    __rtentry.o(.ARM.Collect$$rtentry$$00000000) refers (Special) to __rtentry2.o(.ARM.Collect$$rtentry$$0000000D) for __rt_entry_main
    __rtentry.o(.ARM.Collect$$rtentry$$00000000) refers (Special) to __rtentry2.o(.ARM.Collect$$rtentry$$0000000C) for __rt_entry_postli_1
    __rtentry.o(.ARM.Collect$$rtentry$$00000000) refers (Special) to __rtentry2.o(.ARM.Collect$$rtentry$$00000009) for __rt_entry_postsh_1
    __rtentry.o(.ARM.Collect$$rtentry$$00000000) refers (Special) to __rtentry2.o(.ARM.Collect$$rtentry$$00000002) for __rt_entry_presh_1
    __rtentry.o(.ARM.Collect$$rtentry$$00000000) refers (Special) to __rtentry4.o(.ARM.Collect$$rtentry$$00000004) for __rt_entry_sh
    __rtentry2.o(.ARM.Collect$$rtentry$$00000008) refers to boardinit2.o(.text) for _platform_post_stackheap_init
    __rtentry2.o(.ARM.Collect$$rtentry$$0000000A) refers to libinit.o(.ARM.Collect$$libinit$$00000000) for __rt_lib_init
    __rtentry2.o(.ARM.Collect$$rtentry$$0000000B) refers to boardinit3.o(.text) for _platform_post_lib_init
    __rtentry2.o(.ARM.Collect$$rtentry$$0000000D) refers to main.o(i.main) for main
    __rtentry2.o(.ARM.Collect$$rtentry$$0000000D) refers to exit.o(.text) for exit
    __rtentry2.o(.ARM.exidx) refers to __rtentry2.o(.ARM.Collect$$rtentry$$00000001) for .ARM.Collect$$rtentry$$00000001
    __rtentry2.o(.ARM.exidx) refers to __rtentry2.o(.ARM.Collect$$rtentry$$00000008) for .ARM.Collect$$rtentry$$00000008
    __rtentry2.o(.ARM.exidx) refers to __rtentry2.o(.ARM.Collect$$rtentry$$0000000A) for .ARM.Collect$$rtentry$$0000000A
    __rtentry2.o(.ARM.exidx) refers to __rtentry2.o(.ARM.Collect$$rtentry$$0000000B) for .ARM.Collect$$rtentry$$0000000B
    __rtentry2.o(.ARM.exidx) refers to __rtentry2.o(.ARM.Collect$$rtentry$$0000000D) for .ARM.Collect$$rtentry$$0000000D
    __rtentry4.o(.ARM.Collect$$rtentry$$00000004) refers to sys_stackheap_outer.o(.text) for __user_setup_stackheap
    __rtentry4.o(.ARM.exidx) refers to __rtentry4.o(.ARM.Collect$$rtentry$$00000004) for .ARM.Collect$$rtentry$$00000004
    sys_stackheap_outer.o(.text) refers to libspace.o(.text) for __user_perproc_libspace
    sys_stackheap_outer.o(.text) refers to startup_hk32f103xb.o(.text) for __user_initial_stackheap
    exit.o(.text) refers to rtexit.o(.ARM.Collect$$rtexit$$00000000) for __rt_exit
    libinit.o(.ARM.Collect$$libinit$$00000000) refers (Special) to libinit2.o(.ARM.Collect$$libinit$$0000002E) for __rt_lib_init_alloca_1
    libinit.o(.ARM.Collect$$libinit$$00000000) refers (Special) to libinit2.o(.ARM.Collect$$libinit$$0000002C) for __rt_lib_init_argv_1
    libinit.o(.ARM.Collect$$libinit$$00000000) refers (Special) to libinit2.o(.ARM.Collect$$libinit$$0000001B) for __rt_lib_init_atexit_1
    libinit.o(.ARM.Collect$$libinit$$00000000) refers (Special) to libinit2.o(.ARM.Collect$$libinit$$00000021) for __rt_lib_init_clock_1
    libinit.o(.ARM.Collect$$libinit$$00000000) refers (Special) to libinit2.o(.ARM.Collect$$libinit$$00000032) for __rt_lib_init_cpp_1
    libinit.o(.ARM.Collect$$libinit$$00000000) refers (Special) to libinit2.o(.ARM.Collect$$libinit$$00000030) for __rt_lib_init_exceptions_1
    libinit.o(.ARM.Collect$$libinit$$00000000) refers (Special) to libinit2.o(.ARM.Collect$$libinit$$00000002) for __rt_lib_init_fp_1
    libinit.o(.ARM.Collect$$libinit$$00000000) refers (Special) to libinit2.o(.ARM.Collect$$libinit$$0000001F) for __rt_lib_init_fp_trap_1
    libinit.o(.ARM.Collect$$libinit$$00000000) refers (Special) to libinit2.o(.ARM.Collect$$libinit$$00000023) for __rt_lib_init_getenv_1
    libinit.o(.ARM.Collect$$libinit$$00000000) refers (Special) to libinit2.o(.ARM.Collect$$libinit$$0000000A) for __rt_lib_init_heap_1
    libinit.o(.ARM.Collect$$libinit$$00000000) refers (Special) to libinit2.o(.ARM.Collect$$libinit$$00000011) for __rt_lib_init_lc_collate_1
    libinit.o(.ARM.Collect$$libinit$$00000000) refers (Special) to libinit2.o(.ARM.Collect$$libinit$$00000013) for __rt_lib_init_lc_ctype_1
    libinit.o(.ARM.Collect$$libinit$$00000000) refers (Special) to libinit2.o(.ARM.Collect$$libinit$$00000015) for __rt_lib_init_lc_monetary_1
    libinit.o(.ARM.Collect$$libinit$$00000000) refers (Special) to libinit2.o(.ARM.Collect$$libinit$$00000017) for __rt_lib_init_lc_numeric_1
    libinit.o(.ARM.Collect$$libinit$$00000000) refers (Special) to libinit2.o(.ARM.Collect$$libinit$$00000019) for __rt_lib_init_lc_time_1
    libinit.o(.ARM.Collect$$libinit$$00000000) refers (Special) to libinit2.o(.ARM.Collect$$libinit$$00000004) for __rt_lib_init_preinit_1
    libinit.o(.ARM.Collect$$libinit$$00000000) refers (Special) to libinit2.o(.ARM.Collect$$libinit$$0000000E) for __rt_lib_init_rand_1
    libinit.o(.ARM.Collect$$libinit$$00000000) refers (Special) to libinit2.o(.ARM.Collect$$libinit$$00000033) for __rt_lib_init_return
    libinit.o(.ARM.Collect$$libinit$$00000000) refers (Special) to libinit2.o(.ARM.Collect$$libinit$$0000001D) for __rt_lib_init_signal_1
    libinit.o(.ARM.Collect$$libinit$$00000000) refers (Special) to libinit2.o(.ARM.Collect$$libinit$$00000025) for __rt_lib_init_stdio_1
    libinit.o(.ARM.Collect$$libinit$$00000000) refers (Special) to libinit2.o(.ARM.Collect$$libinit$$0000000C) for __rt_lib_init_user_alloc_1
    libspace.o(.text) refers to libspace.o(.bss) for __libspace_start
    rtexit.o(.ARM.Collect$$rtexit$$00000000) refers (Special) to rtexit2.o(.ARM.Collect$$rtexit$$00000004) for __rt_exit_exit
    rtexit.o(.ARM.Collect$$rtexit$$00000000) refers (Special) to rtexit2.o(.ARM.Collect$$rtexit$$00000003) for __rt_exit_ls
    rtexit.o(.ARM.Collect$$rtexit$$00000000) refers (Special) to rtexit2.o(.ARM.Collect$$rtexit$$00000002) for __rt_exit_prels_1
    rtexit.o(.ARM.exidx) refers (Special) to rtexit2.o(.ARM.Collect$$rtexit$$00000004) for __rt_exit_exit
    rtexit.o(.ARM.exidx) refers (Special) to rtexit2.o(.ARM.Collect$$rtexit$$00000003) for __rt_exit_ls
    rtexit.o(.ARM.exidx) refers (Special) to rtexit2.o(.ARM.Collect$$rtexit$$00000002) for __rt_exit_prels_1
    rtexit.o(.ARM.exidx) refers to rtexit.o(.ARM.Collect$$rtexit$$00000000) for .ARM.Collect$$rtexit$$00000000
    libinit2.o(.ARM.Collect$$libinit$$00000010) refers to libinit2.o(.ARM.Collect$$libinit$$0000000F) for .ARM.Collect$$libinit$$0000000F
    libinit2.o(.ARM.Collect$$libinit$$00000012) refers to libinit2.o(.ARM.Collect$$libinit$$0000000F) for .ARM.Collect$$libinit$$0000000F
    libinit2.o(.ARM.Collect$$libinit$$00000014) refers to libinit2.o(.ARM.Collect$$libinit$$0000000F) for .ARM.Collect$$libinit$$0000000F
    libinit2.o(.ARM.Collect$$libinit$$00000016) refers to libinit2.o(.ARM.Collect$$libinit$$0000000F) for .ARM.Collect$$libinit$$0000000F
    libinit2.o(.ARM.Collect$$libinit$$00000018) refers to libinit2.o(.ARM.Collect$$libinit$$0000000F) for .ARM.Collect$$libinit$$0000000F
    libinit2.o(.ARM.Collect$$libinit$$00000026) refers to argv_veneer.o(.emb_text) for __ARM_argv_veneer
    libinit2.o(.ARM.Collect$$libinit$$00000027) refers to argv_veneer.o(.emb_text) for __ARM_argv_veneer
    rtexit2.o(.ARM.Collect$$rtexit$$00000003) refers to libshutdown.o(.ARM.Collect$$libshutdown$$00000000) for __rt_lib_shutdown
    rtexit2.o(.ARM.Collect$$rtexit$$00000004) refers to usart.o(i._sys_exit) for _sys_exit
    rtexit2.o(.ARM.exidx) refers to rtexit2.o(.ARM.Collect$$rtexit$$00000001) for .ARM.Collect$$rtexit$$00000001
    rtexit2.o(.ARM.exidx) refers to rtexit2.o(.ARM.Collect$$rtexit$$00000003) for .ARM.Collect$$rtexit$$00000003
    rtexit2.o(.ARM.exidx) refers to rtexit2.o(.ARM.Collect$$rtexit$$00000004) for .ARM.Collect$$rtexit$$00000004
    argv_veneer.o(.emb_text) refers to no_argv.o(.text) for __ARM_get_argv
    _get_argv_nomalloc.o(.text) refers (Special) to hrguard.o(.text) for __heap_region$guard
    _get_argv_nomalloc.o(.text) refers to defsig_rtmem_outer.o(.text) for __rt_SIGRTMEM
    _get_argv_nomalloc.o(.text) refers to sys_command.o(.text) for _sys_command_string
    libshutdown.o(.ARM.Collect$$libshutdown$$00000000) refers (Special) to libshutdown2.o(.ARM.Collect$$libshutdown$$00000002) for __rt_lib_shutdown_cpp_1
    libshutdown.o(.ARM.Collect$$libshutdown$$00000000) refers (Special) to libshutdown2.o(.ARM.Collect$$libshutdown$$00000007) for __rt_lib_shutdown_fp_trap_1
    libshutdown.o(.ARM.Collect$$libshutdown$$00000000) refers (Special) to libshutdown2.o(.ARM.Collect$$libshutdown$$0000000F) for __rt_lib_shutdown_heap_1
    libshutdown.o(.ARM.Collect$$libshutdown$$00000000) refers (Special) to libshutdown2.o(.ARM.Collect$$libshutdown$$00000010) for __rt_lib_shutdown_return
    libshutdown.o(.ARM.Collect$$libshutdown$$00000000) refers (Special) to libshutdown2.o(.ARM.Collect$$libshutdown$$0000000A) for __rt_lib_shutdown_signal_1
    libshutdown.o(.ARM.Collect$$libshutdown$$00000000) refers (Special) to libshutdown2.o(.ARM.Collect$$libshutdown$$00000004) for __rt_lib_shutdown_stdio_1
    libshutdown.o(.ARM.Collect$$libshutdown$$00000000) refers (Special) to libshutdown2.o(.ARM.Collect$$libshutdown$$0000000C) for __rt_lib_shutdown_user_alloc_1
    sys_command.o(.text) refers (Special) to use_no_semi.o(.text) for __I$use$semihosting
    sys_command.o(.text) refers (Special) to indicate_semi.o(.text) for __semihosting_library_function
    defsig_rtmem_outer.o(.text) refers to defsig_rtmem_inner.o(.text) for __rt_SIGRTMEM_inner
    defsig_rtmem_outer.o(.text) refers to defsig_exit.o(.text) for __sig_exit
    defsig_rtmem_formal.o(.text) refers to rt_raise.o(.text) for __rt_raise
    rt_raise.o(.text) refers to __raise.o(.text) for __raise
    rt_raise.o(.text) refers to usart.o(i._sys_exit) for _sys_exit
    defsig_exit.o(.text) refers to usart.o(i._sys_exit) for _sys_exit
    defsig_rtmem_inner.o(.text) refers to defsig_general.o(.text) for __default_signal_display
    __raise.o(.text) refers to defsig.o(CL$$defsig) for __default_signal_handler
    defsig_general.o(.text) refers to sys_wrch.o(.text) for _ttywrch
    sys_wrch.o(.text) refers (Special) to use_no_semi.o(.text) for __I$use$semihosting
    sys_wrch.o(.text) refers (Special) to indicate_semi.o(.text) for __semihosting_library_function
    defsig.o(CL$$defsig) refers to defsig_rtmem_inner.o(.text) for __rt_SIGRTMEM_inner
    defsig_abrt_inner.o(.text) refers to defsig_general.o(.text) for __default_signal_display
    defsig_fpe_inner.o(.text) refers to defsig_general.o(.text) for __default_signal_display
    defsig_rtred_inner.o(.text) refers to defsig_general.o(.text) for __default_signal_display
    defsig_stak_inner.o(.text) refers to defsig_general.o(.text) for __default_signal_display
    defsig_pvfn_inner.o(.text) refers to defsig_general.o(.text) for __default_signal_display
    defsig_cppl_inner.o(.text) refers to defsig_general.o(.text) for __default_signal_display
    defsig_segv_inner.o(.text) refers to defsig_general.o(.text) for __default_signal_display
    defsig_other.o(.text) refers to defsig_general.o(.text) for __default_signal_display


==============================================================================

Removing Unused input sections from the image.

    Removing delay.o(i.delay_us), (80 bytes).
    Removing sys.o(i.NVIC_Configuration), (12 bytes).
    Removing usart.o(i.USART3_Init), (148 bytes).
    Removing usart.o(i.USART3_SendByte), (32 bytes).
    Removing usart.o(i.fputc), (28 bytes).
    Removing usart.o(.data), (4 bytes).
    Removing core_cm3.o(.emb_text), (32 bytes).
    Removing system_hk32f10x.o(i.SystemCoreClockUpdate), (164 bytes).
    Removing hk32f10x_adc.o(i.ADC_AnalogWatchdogCmd), (20 bytes).
    Removing hk32f10x_adc.o(i.ADC_AnalogWatchdogSingleChannelConfig), (16 bytes).
    Removing hk32f10x_adc.o(i.ADC_AnalogWatchdogThresholdsConfig), (6 bytes).
    Removing hk32f10x_adc.o(i.ADC_AutoInjectedConvCmd), (22 bytes).
    Removing hk32f10x_adc.o(i.ADC_ClearFlag), (6 bytes).
    Removing hk32f10x_adc.o(i.ADC_ClearITPendingBit), (10 bytes).
    Removing hk32f10x_adc.o(i.ADC_Cmd), (22 bytes).
    Removing hk32f10x_adc.o(i.ADC_DMACmd), (22 bytes).
    Removing hk32f10x_adc.o(i.ADC_DeInit), (92 bytes).
    Removing hk32f10x_adc.o(i.ADC_DiscModeChannelCountConfig), (24 bytes).
    Removing hk32f10x_adc.o(i.ADC_DiscModeCmd), (22 bytes).
    Removing hk32f10x_adc.o(i.ADC_ExternalTrigConvCmd), (22 bytes).
    Removing hk32f10x_adc.o(i.ADC_ExternalTrigInjectedConvCmd), (22 bytes).
    Removing hk32f10x_adc.o(i.ADC_ExternalTrigInjectedConvConfig), (16 bytes).
    Removing hk32f10x_adc.o(i.ADC_GetCalibrationStatus), (20 bytes).
    Removing hk32f10x_adc.o(i.ADC_GetConversionValue), (8 bytes).
    Removing hk32f10x_adc.o(i.ADC_GetDualModeConversionValue), (12 bytes).
    Removing hk32f10x_adc.o(i.ADC_GetFlagStatus), (18 bytes).
    Removing hk32f10x_adc.o(i.ADC_GetITStatus), (36 bytes).
    Removing hk32f10x_adc.o(i.ADC_GetInjectedConversionValue), (28 bytes).
    Removing hk32f10x_adc.o(i.ADC_GetResetCalibrationStatus), (20 bytes).
    Removing hk32f10x_adc.o(i.ADC_GetSoftwareStartConvStatus), (20 bytes).
    Removing hk32f10x_adc.o(i.ADC_GetSoftwareStartInjectedConvCmdStatus), (20 bytes).
    Removing hk32f10x_adc.o(i.ADC_ITConfig), (24 bytes).
    Removing hk32f10x_adc.o(i.ADC_Init), (80 bytes).
    Removing hk32f10x_adc.o(i.ADC_InjectedChannelConfig), (130 bytes).
    Removing hk32f10x_adc.o(i.ADC_InjectedDiscModeCmd), (22 bytes).
    Removing hk32f10x_adc.o(i.ADC_InjectedSequencerLengthConfig), (24 bytes).
    Removing hk32f10x_adc.o(i.ADC_RegularChannelConfig), (184 bytes).
    Removing hk32f10x_adc.o(i.ADC_ResetCalibration), (10 bytes).
    Removing hk32f10x_adc.o(i.ADC_SetInjectedOffset), (20 bytes).
    Removing hk32f10x_adc.o(i.ADC_SoftwareStartConvCmd), (22 bytes).
    Removing hk32f10x_adc.o(i.ADC_SoftwareStartInjectedConvCmd), (22 bytes).
    Removing hk32f10x_adc.o(i.ADC_StartCalibration), (10 bytes).
    Removing hk32f10x_adc.o(i.ADC_StructInit), (18 bytes).
    Removing hk32f10x_adc.o(i.ADC_TempSensorVrefintCmd), (36 bytes).
    Removing hk32f10x_bkp.o(i.BKP_ClearFlag), (20 bytes).
    Removing hk32f10x_bkp.o(i.BKP_ClearITPendingBit), (20 bytes).
    Removing hk32f10x_bkp.o(i.BKP_DeInit), (16 bytes).
    Removing hk32f10x_bkp.o(i.BKP_GetFlagStatus), (12 bytes).
    Removing hk32f10x_bkp.o(i.BKP_GetITStatus), (12 bytes).
    Removing hk32f10x_bkp.o(i.BKP_ITConfig), (12 bytes).
    Removing hk32f10x_bkp.o(i.BKP_RTCOutputConfig), (28 bytes).
    Removing hk32f10x_bkp.o(i.BKP_ReadBackupRegister), (28 bytes).
    Removing hk32f10x_bkp.o(i.BKP_SetRTCCalibrationValue), (28 bytes).
    Removing hk32f10x_bkp.o(i.BKP_TamperPinCmd), (12 bytes).
    Removing hk32f10x_bkp.o(i.BKP_TamperPinLevelConfig), (12 bytes).
    Removing hk32f10x_bkp.o(i.BKP_WriteBackupRegister), (28 bytes).
    Removing hk32f10x_can.o(i.CAN_CancelTransmit), (48 bytes).
    Removing hk32f10x_can.o(i.CAN_ClearFlag), (56 bytes).
    Removing hk32f10x_can.o(i.CAN_ClearITPendingBit), (168 bytes).
    Removing hk32f10x_can.o(i.CAN_DBGFreeze), (22 bytes).
    Removing hk32f10x_can.o(i.CAN_DeInit), (56 bytes).
    Removing hk32f10x_can.o(i.CAN_FIFORelease), (22 bytes).
    Removing hk32f10x_can.o(i.CAN_FilterInit), (264 bytes).
    Removing hk32f10x_can.o(i.CAN_GetFlagStatus), (120 bytes).
    Removing hk32f10x_can.o(i.CAN_GetITStatus), (288 bytes).
    Removing hk32f10x_can.o(i.CAN_GetLSBTransmitErrorCounter), (12 bytes).
    Removing hk32f10x_can.o(i.CAN_GetLastErrorCode), (12 bytes).
    Removing hk32f10x_can.o(i.CAN_GetReceiveErrorCounter), (10 bytes).
    Removing hk32f10x_can.o(i.CAN_ITConfig), (18 bytes).
    Removing hk32f10x_can.o(i.CAN_Init), (276 bytes).
    Removing hk32f10x_can.o(i.CAN_MessagePending), (30 bytes).
    Removing hk32f10x_can.o(i.CAN_OperatingModeRequest), (162 bytes).
    Removing hk32f10x_can.o(i.CAN_Receive), (240 bytes).
    Removing hk32f10x_can.o(i.CAN_SlaveStartBank), (52 bytes).
    Removing hk32f10x_can.o(i.CAN_Sleep), (30 bytes).
    Removing hk32f10x_can.o(i.CAN_StructInit), (32 bytes).
    Removing hk32f10x_can.o(i.CAN_TTComModeCmd), (118 bytes).
    Removing hk32f10x_can.o(i.CAN_Transmit), (294 bytes).
    Removing hk32f10x_can.o(i.CAN_TransmitStatus), (160 bytes).
    Removing hk32f10x_can.o(i.CAN_WakeUp), (48 bytes).
    Removing hk32f10x_can.o(i.CheckITStatus), (18 bytes).
    Removing hk32f10x_crc.o(i.CRC_CalcBlockCRC), (36 bytes).
    Removing hk32f10x_crc.o(i.CRC_CalcCRC), (16 bytes).
    Removing hk32f10x_crc.o(i.CRC_GetCRC), (12 bytes).
    Removing hk32f10x_crc.o(i.CRC_GetIDRegister), (12 bytes).
    Removing hk32f10x_crc.o(i.CRC_ResetDR), (12 bytes).
    Removing hk32f10x_crc.o(i.CRC_SetIDRegister), (12 bytes).
    Removing hk32f10x_dac.o(i.DAC_Cmd), (40 bytes).
    Removing hk32f10x_dac.o(i.DAC_DMACmd), (44 bytes).
    Removing hk32f10x_dac.o(i.DAC_DeInit), (22 bytes).
    Removing hk32f10x_dac.o(i.DAC_DualSoftwareTriggerCmd), (36 bytes).
    Removing hk32f10x_dac.o(i.DAC_GetDataOutputValue), (36 bytes).
    Removing hk32f10x_dac.o(i.DAC_Init), (52 bytes).
    Removing hk32f10x_dac.o(i.DAC_SetChannel1Data), (32 bytes).
    Removing hk32f10x_dac.o(i.DAC_SetChannel2Data), (32 bytes).
    Removing hk32f10x_dac.o(i.DAC_SetDualChannelData), (36 bytes).
    Removing hk32f10x_dac.o(i.DAC_SoftwareTriggerCmd), (44 bytes).
    Removing hk32f10x_dac.o(i.DAC_StructInit), (12 bytes).
    Removing hk32f10x_dac.o(i.DAC_WaveGenerationCmd), (40 bytes).
    Removing hk32f10x_dbgmcu.o(i.DBGMCU_Config), (32 bytes).
    Removing hk32f10x_dbgmcu.o(i.DBGMCU_GetDEVID), (16 bytes).
    Removing hk32f10x_dbgmcu.o(i.DBGMCU_GetREVID), (12 bytes).
    Removing hk32f10x_dma.o(i.DMA_ClearFlag), (28 bytes).
    Removing hk32f10x_dma.o(i.DMA_ClearITPendingBit), (28 bytes).
    Removing hk32f10x_dma.o(i.DMA_Cmd), (24 bytes).
    Removing hk32f10x_dma.o(i.DMA_DeInit), (332 bytes).
    Removing hk32f10x_dma.o(i.DMA_GetCurrDataCounter), (8 bytes).
    Removing hk32f10x_dma.o(i.DMA_GetFlagStatus), (44 bytes).
    Removing hk32f10x_dma.o(i.DMA_GetITStatus), (44 bytes).
    Removing hk32f10x_dma.o(i.DMA_ITConfig), (18 bytes).
    Removing hk32f10x_dma.o(i.DMA_Init), (60 bytes).
    Removing hk32f10x_dma.o(i.DMA_SetCurrDataCounter), (4 bytes).
    Removing hk32f10x_dma.o(i.DMA_StructInit), (26 bytes).
    Removing hk32f10x_exti.o(i.EXTI_ClearFlag), (12 bytes).
    Removing hk32f10x_exti.o(i.EXTI_ClearITPendingBit), (12 bytes).
    Removing hk32f10x_exti.o(i.EXTI_DeInit), (36 bytes).
    Removing hk32f10x_exti.o(i.EXTI_GenerateSWInterrupt), (16 bytes).
    Removing hk32f10x_exti.o(i.EXTI_GetFlagStatus), (24 bytes).
    Removing hk32f10x_exti.o(i.EXTI_GetITStatus), (40 bytes).
    Removing hk32f10x_exti.o(i.EXTI_Init), (148 bytes).
    Removing hk32f10x_exti.o(i.EXTI_StructInit), (16 bytes).
    Removing hk32f10x_flash.o(i.FLASH_ClearFlag), (12 bytes).
    Removing hk32f10x_flash.o(i.FLASH_EnableWriteProtection), (260 bytes).
    Removing hk32f10x_flash.o(i.FLASH_EraseAllBank1Pages), (88 bytes).
    Removing hk32f10x_flash.o(i.FLASH_EraseAllPages), (88 bytes).
    Removing hk32f10x_flash.o(i.FLASH_EraseOptionBytes), (180 bytes).
    Removing hk32f10x_flash.o(i.FLASH_ErasePage), (92 bytes).
    Removing hk32f10x_flash.o(i.FLASH_GetBank1Status), (52 bytes).
    Removing hk32f10x_flash.o(i.FLASH_GetFlagStatus), (48 bytes).
    Removing hk32f10x_flash.o(i.FLASH_GetPrefetchBufferStatus), (24 bytes).
    Removing hk32f10x_flash.o(i.FLASH_GetReadOutProtectionStatus), (24 bytes).
    Removing hk32f10x_flash.o(i.FLASH_GetStatus), (52 bytes).
    Removing hk32f10x_flash.o(i.FLASH_GetUserOptionByte), (12 bytes).
    Removing hk32f10x_flash.o(i.FLASH_GetWriteProtectionOptionByte), (12 bytes).
    Removing hk32f10x_flash.o(i.FLASH_HalfCycleAccessCmd), (28 bytes).
    Removing hk32f10x_flash.o(i.FLASH_ITConfig), (32 bytes).
    Removing hk32f10x_flash.o(i.FLASH_Lock), (20 bytes).
    Removing hk32f10x_flash.o(i.FLASH_PrefetchBufferCmd), (28 bytes).
    Removing hk32f10x_flash.o(i.FLASH_ProgramHalfWord), (80 bytes).
    Removing hk32f10x_flash.o(i.FLASH_ProgramOptionByteData), (100 bytes).
    Removing hk32f10x_flash.o(i.FLASH_ProgramWord), (120 bytes).
    Removing hk32f10x_flash.o(i.FLASH_ReadOutProtection), (188 bytes).
    Removing hk32f10x_flash.o(i.FLASH_SetLatency), (24 bytes).
    Removing hk32f10x_flash.o(i.FLASH_Unlock), (24 bytes).
    Removing hk32f10x_flash.o(i.FLASH_UserOptionByteConfig), (116 bytes).
    Removing hk32f10x_flash.o(i.FLASH_WaitForLastBank1Operation), (38 bytes).
    Removing hk32f10x_flash.o(i.FLASH_WaitForLastOperation), (38 bytes).
    Removing hk32f10x_fsmc.o(i.FSMC_ClearFlag), (64 bytes).
    Removing hk32f10x_fsmc.o(i.FSMC_ClearITPendingBit), (72 bytes).
    Removing hk32f10x_fsmc.o(i.FSMC_GetECC), (28 bytes).
    Removing hk32f10x_fsmc.o(i.FSMC_GetFlagStatus), (56 bytes).
    Removing hk32f10x_fsmc.o(i.FSMC_GetITStatus), (68 bytes).
    Removing hk32f10x_fsmc.o(i.FSMC_ITConfig), (128 bytes).
    Removing hk32f10x_fsmc.o(i.FSMC_NANDCmd), (92 bytes).
    Removing hk32f10x_fsmc.o(i.FSMC_NANDDeInit), (68 bytes).
    Removing hk32f10x_fsmc.o(i.FSMC_NANDECCCmd), (92 bytes).
    Removing hk32f10x_fsmc.o(i.FSMC_NANDInit), (136 bytes).
    Removing hk32f10x_fsmc.o(i.FSMC_NANDStructInit), (54 bytes).
    Removing hk32f10x_fsmc.o(i.FSMC_NORSRAMCmd), (52 bytes).
    Removing hk32f10x_fsmc.o(i.FSMC_NORSRAMDeInit), (54 bytes).
    Removing hk32f10x_fsmc.o(i.FSMC_NORSRAMInit), (230 bytes).
    Removing hk32f10x_fsmc.o(i.FSMC_NORSRAMStructInit), (114 bytes).
    Removing hk32f10x_fsmc.o(i.FSMC_PCCARDCmd), (48 bytes).
    Removing hk32f10x_fsmc.o(i.FSMC_PCCARDDeInit), (40 bytes).
    Removing hk32f10x_fsmc.o(i.FSMC_PCCARDInit), (132 bytes).
    Removing hk32f10x_fsmc.o(i.FSMC_PCCARDStructInit), (60 bytes).
    Removing hk32f10x_gpio.o(i.GPIO_AFIODeInit), (20 bytes).
    Removing hk32f10x_gpio.o(i.GPIO_DeInit), (200 bytes).
    Removing hk32f10x_gpio.o(i.GPIO_EXTILineConfig), (64 bytes).
    Removing hk32f10x_gpio.o(i.GPIO_EventOutputCmd), (12 bytes).
    Removing hk32f10x_gpio.o(i.GPIO_EventOutputConfig), (32 bytes).
    Removing hk32f10x_gpio.o(i.GPIO_PinLockConfig), (18 bytes).
    Removing hk32f10x_gpio.o(i.GPIO_PinRemapConfig), (144 bytes).
    Removing hk32f10x_gpio.o(i.GPIO_ReadInputData), (8 bytes).
    Removing hk32f10x_gpio.o(i.GPIO_ReadInputDataBit), (18 bytes).
    Removing hk32f10x_gpio.o(i.GPIO_ReadOutputData), (8 bytes).
    Removing hk32f10x_gpio.o(i.GPIO_ReadOutputDataBit), (18 bytes).
    Removing hk32f10x_gpio.o(i.GPIO_ResetBits), (4 bytes).
    Removing hk32f10x_gpio.o(i.GPIO_SetBits), (4 bytes).
    Removing hk32f10x_gpio.o(i.GPIO_StructInit), (16 bytes).
    Removing hk32f10x_gpio.o(i.GPIO_Write), (4 bytes).
    Removing hk32f10x_i2c.o(i.I2C_ARPCmd), (24 bytes).
    Removing hk32f10x_i2c.o(i.I2C_AcknowledgeConfig), (24 bytes).
    Removing hk32f10x_i2c.o(i.I2C_CalculatePEC), (24 bytes).
    Removing hk32f10x_i2c.o(i.I2C_ClearFlag), (12 bytes).
    Removing hk32f10x_i2c.o(i.I2C_ClearITPendingBit), (12 bytes).
    Removing hk32f10x_i2c.o(i.I2C_DMACmd), (24 bytes).
    Removing hk32f10x_i2c.o(i.I2C_DMALastTransferCmd), (24 bytes).
    Removing hk32f10x_i2c.o(i.I2C_DualAddressCmd), (24 bytes).
    Removing hk32f10x_i2c.o(i.I2C_FastModeDutyCycleConfig), (28 bytes).
    Removing hk32f10x_i2c.o(i.I2C_GeneralCallCmd), (24 bytes).
    Removing hk32f10x_i2c.o(i.I2C_GetITStatus), (38 bytes).
    Removing hk32f10x_i2c.o(i.I2C_GetLastEvent), (26 bytes).
    Removing hk32f10x_i2c.o(i.I2C_GetPEC), (8 bytes).
    Removing hk32f10x_i2c.o(i.I2C_ITConfig), (18 bytes).
    Removing hk32f10x_i2c.o(i.I2C_NACKPositionConfig), (28 bytes).
    Removing hk32f10x_i2c.o(i.I2C_OwnAddress2Config), (22 bytes).
    Removing hk32f10x_i2c.o(i.I2C_PECPositionConfig), (28 bytes).
    Removing hk32f10x_i2c.o(i.I2C_ReadRegister), (22 bytes).
    Removing hk32f10x_i2c.o(i.I2C_ReceiveData), (8 bytes).
    Removing hk32f10x_i2c.o(i.I2C_SMBusAlertConfig), (28 bytes).
    Removing hk32f10x_i2c.o(i.I2C_SoftwareResetCmd), (22 bytes).
    Removing hk32f10x_i2c.o(i.I2C_StretchClockCmd), (24 bytes).
    Removing hk32f10x_i2c.o(i.I2C_StructInit), (30 bytes).
    Removing hk32f10x_i2c.o(i.I2C_TransmitPEC), (24 bytes).
    Removing hk32f10x_iwdg.o(i.IWDG_Enable), (16 bytes).
    Removing hk32f10x_iwdg.o(i.IWDG_GetFlagStatus), (24 bytes).
    Removing hk32f10x_iwdg.o(i.IWDG_ReloadCounter), (16 bytes).
    Removing hk32f10x_iwdg.o(i.IWDG_SetPrescaler), (12 bytes).
    Removing hk32f10x_iwdg.o(i.IWDG_SetReload), (12 bytes).
    Removing hk32f10x_iwdg.o(i.IWDG_WriteAccessCmd), (12 bytes).
    Removing hk32f10x_pwr.o(i.PWR_BackupAccessCmd), (12 bytes).
    Removing hk32f10x_pwr.o(i.PWR_ClearFlag), (20 bytes).
    Removing hk32f10x_pwr.o(i.PWR_DeInit), (22 bytes).
    Removing hk32f10x_pwr.o(i.PWR_EnterSTANDBYMode), (52 bytes).
    Removing hk32f10x_pwr.o(i.PWR_EnterSTOPMode), (64 bytes).
    Removing hk32f10x_pwr.o(i.PWR_GetFlagStatus), (24 bytes).
    Removing hk32f10x_pwr.o(i.PWR_PVDCmd), (12 bytes).
    Removing hk32f10x_pwr.o(i.PWR_PVDLevelConfig), (24 bytes).
    Removing hk32f10x_pwr.o(i.PWR_WakeUpPinCmd), (12 bytes).
    Removing hk32f10x_rcc.o(i.RCC_ADCCLKConfig), (24 bytes).
    Removing hk32f10x_rcc.o(i.RCC_AHBPeriphClockCmd), (32 bytes).
    Removing hk32f10x_rcc.o(i.RCC_APB2PeriphResetCmd), (32 bytes).
    Removing hk32f10x_rcc.o(i.RCC_AdjustHSICalibrationValue), (24 bytes).
    Removing hk32f10x_rcc.o(i.RCC_BackupResetCmd), (12 bytes).
    Removing hk32f10x_rcc.o(i.RCC_ClearFlag), (20 bytes).
    Removing hk32f10x_rcc.o(i.RCC_ClearITPendingBit), (12 bytes).
    Removing hk32f10x_rcc.o(i.RCC_ClockSecuritySystemCmd), (12 bytes).
    Removing hk32f10x_rcc.o(i.RCC_DeInit), (76 bytes).
    Removing hk32f10x_rcc.o(i.RCC_GetFlagStatus), (60 bytes).
    Removing hk32f10x_rcc.o(i.RCC_GetITStatus), (24 bytes).
    Removing hk32f10x_rcc.o(i.RCC_GetSYSCLKSource), (16 bytes).
    Removing hk32f10x_rcc.o(i.RCC_HCLKConfig), (24 bytes).
    Removing hk32f10x_rcc.o(i.RCC_HSEConfig), (76 bytes).
    Removing hk32f10x_rcc.o(i.RCC_HSICmd), (12 bytes).
    Removing hk32f10x_rcc.o(i.RCC_ITConfig), (32 bytes).
    Removing hk32f10x_rcc.o(i.RCC_LSEConfig), (52 bytes).
    Removing hk32f10x_rcc.o(i.RCC_LSICmd), (12 bytes).
    Removing hk32f10x_rcc.o(i.RCC_MCOConfig), (12 bytes).
    Removing hk32f10x_rcc.o(i.RCC_PCLK1Config), (24 bytes).
    Removing hk32f10x_rcc.o(i.RCC_PCLK2Config), (24 bytes).
    Removing hk32f10x_rcc.o(i.RCC_PLLCmd), (12 bytes).
    Removing hk32f10x_rcc.o(i.RCC_PLLConfig), (28 bytes).
    Removing hk32f10x_rcc.o(i.RCC_RTCCLKCmd), (12 bytes).
    Removing hk32f10x_rcc.o(i.RCC_RTCCLKConfig), (16 bytes).
    Removing hk32f10x_rcc.o(i.RCC_SYSCLKConfig), (24 bytes).
    Removing hk32f10x_rcc.o(i.RCC_USBCLKConfig), (12 bytes).
    Removing hk32f10x_rcc.o(i.RCC_WaitForHSEStartUp), (58 bytes).
    Removing hk32f10x_rtc.o(i.RTC_ClearFlag), (16 bytes).
    Removing hk32f10x_rtc.o(i.RTC_ClearITPendingBit), (16 bytes).
    Removing hk32f10x_rtc.o(i.RTC_EnterConfigMode), (20 bytes).
    Removing hk32f10x_rtc.o(i.RTC_ExitConfigMode), (20 bytes).
    Removing hk32f10x_rtc.o(i.RTC_GetCounter), (20 bytes).
    Removing hk32f10x_rtc.o(i.RTC_GetDivider), (24 bytes).
    Removing hk32f10x_rtc.o(i.RTC_GetFlagStatus), (24 bytes).
    Removing hk32f10x_rtc.o(i.RTC_GetITStatus), (36 bytes).
    Removing hk32f10x_rtc.o(i.RTC_ITConfig), (32 bytes).
    Removing hk32f10x_rtc.o(i.RTC_SetAlarm), (28 bytes).
    Removing hk32f10x_rtc.o(i.RTC_SetCounter), (28 bytes).
    Removing hk32f10x_rtc.o(i.RTC_SetPrescaler), (32 bytes).
    Removing hk32f10x_rtc.o(i.RTC_WaitForLastTask), (20 bytes).
    Removing hk32f10x_rtc.o(i.RTC_WaitForSynchro), (36 bytes).
    Removing hk32f10x_sdio.o(i.SDIO_CEATAITCmd), (16 bytes).
    Removing hk32f10x_sdio.o(i.SDIO_ClearFlag), (12 bytes).
    Removing hk32f10x_sdio.o(i.SDIO_ClearITPendingBit), (12 bytes).
    Removing hk32f10x_sdio.o(i.SDIO_ClockCmd), (12 bytes).
    Removing hk32f10x_sdio.o(i.SDIO_CmdStructInit), (14 bytes).
    Removing hk32f10x_sdio.o(i.SDIO_CommandCompletionCmd), (12 bytes).
    Removing hk32f10x_sdio.o(i.SDIO_DMACmd), (12 bytes).
    Removing hk32f10x_sdio.o(i.SDIO_DataConfig), (48 bytes).
    Removing hk32f10x_sdio.o(i.SDIO_DataStructInit), (20 bytes).
    Removing hk32f10x_sdio.o(i.SDIO_DeInit), (36 bytes).
    Removing hk32f10x_sdio.o(i.SDIO_GetCommandResponse), (12 bytes).
    Removing hk32f10x_sdio.o(i.SDIO_GetDataCounter), (12 bytes).
    Removing hk32f10x_sdio.o(i.SDIO_GetFIFOCount), (12 bytes).
    Removing hk32f10x_sdio.o(i.SDIO_GetFlagStatus), (24 bytes).
    Removing hk32f10x_sdio.o(i.SDIO_GetITStatus), (24 bytes).
    Removing hk32f10x_sdio.o(i.SDIO_GetPowerState), (16 bytes).
    Removing hk32f10x_sdio.o(i.SDIO_GetResponse), (24 bytes).
    Removing hk32f10x_sdio.o(i.SDIO_ITConfig), (32 bytes).
    Removing hk32f10x_sdio.o(i.SDIO_Init), (48 bytes).
    Removing hk32f10x_sdio.o(i.SDIO_ReadData), (12 bytes).
    Removing hk32f10x_sdio.o(i.SDIO_SendCEATACmd), (12 bytes).
    Removing hk32f10x_sdio.o(i.SDIO_SendCommand), (44 bytes).
    Removing hk32f10x_sdio.o(i.SDIO_SendSDIOSuspendCmd), (12 bytes).
    Removing hk32f10x_sdio.o(i.SDIO_SetPowerState), (28 bytes).
    Removing hk32f10x_sdio.o(i.SDIO_SetSDIOOperation), (12 bytes).
    Removing hk32f10x_sdio.o(i.SDIO_SetSDIOReadWaitMode), (12 bytes).
    Removing hk32f10x_sdio.o(i.SDIO_StartSDIOReadWait), (12 bytes).
    Removing hk32f10x_sdio.o(i.SDIO_StopSDIOReadWait), (12 bytes).
    Removing hk32f10x_sdio.o(i.SDIO_StructInit), (16 bytes).
    Removing hk32f10x_sdio.o(i.SDIO_WriteData), (12 bytes).
    Removing hk32f10x_spi.o(i.I2S_Cmd), (24 bytes).
    Removing hk32f10x_spi.o(i.I2S_Init), (232 bytes).
    Removing hk32f10x_spi.o(i.I2S_StructInit), (20 bytes).
    Removing hk32f10x_spi.o(i.SPI_BiDirectionalLineConfig), (28 bytes).
    Removing hk32f10x_spi.o(i.SPI_CalculateCRC), (24 bytes).
    Removing hk32f10x_spi.o(i.SPI_Cmd), (24 bytes).
    Removing hk32f10x_spi.o(i.SPI_DataSizeConfig), (18 bytes).
    Removing hk32f10x_spi.o(i.SPI_GetCRC), (16 bytes).
    Removing hk32f10x_spi.o(i.SPI_GetCRCPolynomial), (6 bytes).
    Removing hk32f10x_spi.o(i.SPI_I2S_ClearFlag), (6 bytes).
    Removing hk32f10x_spi.o(i.SPI_I2S_ClearITPendingBit), (20 bytes).
    Removing hk32f10x_spi.o(i.SPI_I2S_DMACmd), (18 bytes).
    Removing hk32f10x_spi.o(i.SPI_I2S_DeInit), (88 bytes).
    Removing hk32f10x_spi.o(i.SPI_I2S_GetFlagStatus), (18 bytes).
    Removing hk32f10x_spi.o(i.SPI_I2S_GetITStatus), (52 bytes).
    Removing hk32f10x_spi.o(i.SPI_I2S_ITConfig), (32 bytes).
    Removing hk32f10x_spi.o(i.SPI_I2S_ReceiveData), (6 bytes).
    Removing hk32f10x_spi.o(i.SPI_I2S_SendData), (4 bytes).
    Removing hk32f10x_spi.o(i.SPI_Init), (60 bytes).
    Removing hk32f10x_spi.o(i.SPI_NSSInternalSoftwareConfig), (30 bytes).
    Removing hk32f10x_spi.o(i.SPI_SSOutputCmd), (24 bytes).
    Removing hk32f10x_spi.o(i.SPI_StructInit), (24 bytes).
    Removing hk32f10x_spi.o(i.SPI_TransmitCRC), (10 bytes).
    Removing hk32f10x_tim.o(i.TI1_Config), (128 bytes).
    Removing hk32f10x_tim.o(i.TI2_Config), (152 bytes).
    Removing hk32f10x_tim.o(i.TI3_Config), (144 bytes).
    Removing hk32f10x_tim.o(i.TI4_Config), (152 bytes).
    Removing hk32f10x_tim.o(i.TIM_ARRPreloadConfig), (24 bytes).
    Removing hk32f10x_tim.o(i.TIM_BDTRConfig), (32 bytes).
    Removing hk32f10x_tim.o(i.TIM_BDTRStructInit), (18 bytes).
    Removing hk32f10x_tim.o(i.TIM_CCPreloadControl), (24 bytes).
    Removing hk32f10x_tim.o(i.TIM_CCxCmd), (30 bytes).
    Removing hk32f10x_tim.o(i.TIM_CCxNCmd), (30 bytes).
    Removing hk32f10x_tim.o(i.TIM_ClearFlag), (6 bytes).
    Removing hk32f10x_tim.o(i.TIM_ClearITPendingBit), (6 bytes).
    Removing hk32f10x_tim.o(i.TIM_ClearOC1Ref), (18 bytes).
    Removing hk32f10x_tim.o(i.TIM_ClearOC2Ref), (24 bytes).
    Removing hk32f10x_tim.o(i.TIM_ClearOC3Ref), (18 bytes).
    Removing hk32f10x_tim.o(i.TIM_ClearOC4Ref), (24 bytes).
    Removing hk32f10x_tim.o(i.TIM_Cmd), (24 bytes).
    Removing hk32f10x_tim.o(i.TIM_CounterModeConfig), (18 bytes).
    Removing hk32f10x_tim.o(i.TIM_CtrlPWMOutputs), (30 bytes).
    Removing hk32f10x_tim.o(i.TIM_DMACmd), (18 bytes).
    Removing hk32f10x_tim.o(i.TIM_DMAConfig), (10 bytes).
    Removing hk32f10x_tim.o(i.TIM_DeInit), (488 bytes).
    Removing hk32f10x_tim.o(i.TIM_ETRClockMode1Config), (54 bytes).
    Removing hk32f10x_tim.o(i.TIM_ETRClockMode2Config), (32 bytes).
    Removing hk32f10x_tim.o(i.TIM_ETRConfig), (28 bytes).
    Removing hk32f10x_tim.o(i.TIM_EncoderInterfaceConfig), (66 bytes).
    Removing hk32f10x_tim.o(i.TIM_ForcedOC1Config), (18 bytes).
    Removing hk32f10x_tim.o(i.TIM_ForcedOC2Config), (26 bytes).
    Removing hk32f10x_tim.o(i.TIM_ForcedOC3Config), (18 bytes).
    Removing hk32f10x_tim.o(i.TIM_ForcedOC4Config), (26 bytes).
    Removing hk32f10x_tim.o(i.TIM_GenerateEvent), (4 bytes).
    Removing hk32f10x_tim.o(i.TIM_GetCapture1), (6 bytes).
    Removing hk32f10x_tim.o(i.TIM_GetCapture2), (6 bytes).
    Removing hk32f10x_tim.o(i.TIM_GetCapture3), (6 bytes).
    Removing hk32f10x_tim.o(i.TIM_GetCapture4), (8 bytes).
    Removing hk32f10x_tim.o(i.TIM_GetCounter), (6 bytes).
    Removing hk32f10x_tim.o(i.TIM_GetFlagStatus), (18 bytes).
    Removing hk32f10x_tim.o(i.TIM_GetITStatus), (34 bytes).
    Removing hk32f10x_tim.o(i.TIM_GetPrescaler), (6 bytes).
    Removing hk32f10x_tim.o(i.TIM_ICInit), (172 bytes).
    Removing hk32f10x_tim.o(i.TIM_ICStructInit), (18 bytes).
    Removing hk32f10x_tim.o(i.TIM_ITConfig), (18 bytes).
    Removing hk32f10x_tim.o(i.TIM_ITRxExternalClockConfig), (24 bytes).
    Removing hk32f10x_tim.o(i.TIM_InternalClockConfig), (12 bytes).
    Removing hk32f10x_tim.o(i.TIM_OC1FastConfig), (18 bytes).
    Removing hk32f10x_tim.o(i.TIM_OC1Init), (152 bytes).
    Removing hk32f10x_tim.o(i.TIM_OC1NPolarityConfig), (18 bytes).
    Removing hk32f10x_tim.o(i.TIM_OC1PolarityConfig), (18 bytes).
    Removing hk32f10x_tim.o(i.TIM_OC1PreloadConfig), (18 bytes).
    Removing hk32f10x_tim.o(i.TIM_OC2FastConfig), (26 bytes).
    Removing hk32f10x_tim.o(i.TIM_OC2Init), (164 bytes).
    Removing hk32f10x_tim.o(i.TIM_OC2NPolarityConfig), (26 bytes).
    Removing hk32f10x_tim.o(i.TIM_OC2PolarityConfig), (26 bytes).
    Removing hk32f10x_tim.o(i.TIM_OC2PreloadConfig), (26 bytes).
    Removing hk32f10x_tim.o(i.TIM_OC3FastConfig), (18 bytes).
    Removing hk32f10x_tim.o(i.TIM_OC3Init), (160 bytes).
    Removing hk32f10x_tim.o(i.TIM_OC3NPolarityConfig), (26 bytes).
    Removing hk32f10x_tim.o(i.TIM_OC3PolarityConfig), (26 bytes).
    Removing hk32f10x_tim.o(i.TIM_OC3PreloadConfig), (18 bytes).
    Removing hk32f10x_tim.o(i.TIM_OC4FastConfig), (26 bytes).
    Removing hk32f10x_tim.o(i.TIM_OC4Init), (124 bytes).
    Removing hk32f10x_tim.o(i.TIM_OC4PolarityConfig), (26 bytes).
    Removing hk32f10x_tim.o(i.TIM_OC4PreloadConfig), (26 bytes).
    Removing hk32f10x_tim.o(i.TIM_OCStructInit), (20 bytes).
    Removing hk32f10x_tim.o(i.TIM_PWMIConfig), (124 bytes).
    Removing hk32f10x_tim.o(i.TIM_PrescalerConfig), (6 bytes).
    Removing hk32f10x_tim.o(i.TIM_SelectCCDMA), (24 bytes).
    Removing hk32f10x_tim.o(i.TIM_SelectCOM), (24 bytes).
    Removing hk32f10x_tim.o(i.TIM_SelectHallSensor), (24 bytes).
    Removing hk32f10x_tim.o(i.TIM_SelectInputTrigger), (18 bytes).
    Removing hk32f10x_tim.o(i.TIM_SelectMasterSlaveMode), (18 bytes).
    Removing hk32f10x_tim.o(i.TIM_SelectOCxM), (82 bytes).
    Removing hk32f10x_tim.o(i.TIM_SelectOnePulseMode), (18 bytes).
    Removing hk32f10x_tim.o(i.TIM_SelectOutputTrigger), (18 bytes).
    Removing hk32f10x_tim.o(i.TIM_SelectSlaveMode), (18 bytes).
    Removing hk32f10x_tim.o(i.TIM_SetAutoreload), (4 bytes).
    Removing hk32f10x_tim.o(i.TIM_SetClockDivision), (18 bytes).
    Removing hk32f10x_tim.o(i.TIM_SetCompare1), (4 bytes).
    Removing hk32f10x_tim.o(i.TIM_SetCompare2), (4 bytes).
    Removing hk32f10x_tim.o(i.TIM_SetCompare3), (4 bytes).
    Removing hk32f10x_tim.o(i.TIM_SetCompare4), (6 bytes).
    Removing hk32f10x_tim.o(i.TIM_SetCounter), (4 bytes).
    Removing hk32f10x_tim.o(i.TIM_SetIC1Prescaler), (18 bytes).
    Removing hk32f10x_tim.o(i.TIM_SetIC2Prescaler), (26 bytes).
    Removing hk32f10x_tim.o(i.TIM_SetIC3Prescaler), (18 bytes).
    Removing hk32f10x_tim.o(i.TIM_SetIC4Prescaler), (26 bytes).
    Removing hk32f10x_tim.o(i.TIM_TIxExternalClockConfig), (62 bytes).
    Removing hk32f10x_tim.o(i.TIM_TimeBaseInit), (164 bytes).
    Removing hk32f10x_tim.o(i.TIM_TimeBaseStructInit), (18 bytes).
    Removing hk32f10x_tim.o(i.TIM_UpdateDisableConfig), (24 bytes).
    Removing hk32f10x_tim.o(i.TIM_UpdateRequestConfig), (24 bytes).
    Removing hk32f10x_usart.o(i.USART_ClearFlag), (18 bytes).
    Removing hk32f10x_usart.o(i.USART_ClearITPendingBit), (30 bytes).
    Removing hk32f10x_usart.o(i.USART_ClockInit), (34 bytes).
    Removing hk32f10x_usart.o(i.USART_ClockStructInit), (12 bytes).
    Removing hk32f10x_usart.o(i.USART_Cmd), (24 bytes).
    Removing hk32f10x_usart.o(i.USART_DMACmd), (18 bytes).
    Removing hk32f10x_usart.o(i.USART_DeInit), (156 bytes).
    Removing hk32f10x_usart.o(i.USART_GetFlagStatus), (26 bytes).
    Removing hk32f10x_usart.o(i.USART_GetITStatus), (84 bytes).
    Removing hk32f10x_usart.o(i.USART_HalfDuplexCmd), (24 bytes).
    Removing hk32f10x_usart.o(i.USART_ITConfig), (74 bytes).
    Removing hk32f10x_usart.o(i.USART_Init), (216 bytes).
    Removing hk32f10x_usart.o(i.USART_IrDACmd), (24 bytes).
    Removing hk32f10x_usart.o(i.USART_IrDAConfig), (18 bytes).
    Removing hk32f10x_usart.o(i.USART_LINBreakDetectLengthConfig), (18 bytes).
    Removing hk32f10x_usart.o(i.USART_LINCmd), (24 bytes).
    Removing hk32f10x_usart.o(i.USART_OneBitMethodCmd), (24 bytes).
    Removing hk32f10x_usart.o(i.USART_OverSampling8Cmd), (22 bytes).
    Removing hk32f10x_usart.o(i.USART_ReceiveData), (10 bytes).
    Removing hk32f10x_usart.o(i.USART_ReceiverWakeUpCmd), (24 bytes).
    Removing hk32f10x_usart.o(i.USART_SendBreak), (10 bytes).
    Removing hk32f10x_usart.o(i.USART_SendData), (8 bytes).
    Removing hk32f10x_usart.o(i.USART_SetAddress), (18 bytes).
    Removing hk32f10x_usart.o(i.USART_SetGuardTime), (16 bytes).
    Removing hk32f10x_usart.o(i.USART_SetPrescaler), (16 bytes).
    Removing hk32f10x_usart.o(i.USART_SmartCardCmd), (24 bytes).
    Removing hk32f10x_usart.o(i.USART_SmartCardNACKCmd), (24 bytes).
    Removing hk32f10x_usart.o(i.USART_StructInit), (24 bytes).
    Removing hk32f10x_usart.o(i.USART_WakeUpConfig), (18 bytes).
    Removing hk32f10x_wwdg.o(i.WWDG_ClearFlag), (12 bytes).
    Removing hk32f10x_wwdg.o(i.WWDG_DeInit), (22 bytes).
    Removing hk32f10x_wwdg.o(i.WWDG_Enable), (16 bytes).
    Removing hk32f10x_wwdg.o(i.WWDG_EnableIT), (12 bytes).
    Removing hk32f10x_wwdg.o(i.WWDG_GetFlagStatus), (12 bytes).
    Removing hk32f10x_wwdg.o(i.WWDG_SetCounter), (16 bytes).
    Removing hk32f10x_wwdg.o(i.WWDG_SetPrescaler), (24 bytes).
    Removing hk32f10x_wwdg.o(i.WWDG_SetWindowValue), (40 bytes).
    Removing misc.o(i.NVIC_Init), (112 bytes).
    Removing misc.o(i.NVIC_PriorityGroupConfig), (20 bytes).
    Removing misc.o(i.NVIC_SetVectorTable), (20 bytes).
    Removing misc.o(i.NVIC_SystemLPConfig), (32 bytes).
    Removing hq_i2c.o(i.I2C_WriteByte), (140 bytes).

448 unused section(s) (total 18506 bytes) removed from the image.

==============================================================================

Image Symbol Table

    Local Symbols

    Symbol Name                              Value     Ov Type        Size  Object(Section)

    ../clib/angel/boardlib.s                 0x00000000   Number         0  boardinit3.o ABSOLUTE
    ../clib/angel/boardlib.s                 0x00000000   Number         0  boardinit2.o ABSOLUTE
    ../clib/angel/boardlib.s                 0x00000000   Number         0  boardinit1.o ABSOLUTE
    ../clib/angel/boardlib.s                 0x00000000   Number         0  boardshut.o ABSOLUTE
    ../clib/angel/handlers.s                 0x00000000   Number         0  __scatter_copy.o ABSOLUTE
    ../clib/angel/handlers.s                 0x00000000   Number         0  __scatter_zi.o ABSOLUTE
    ../clib/angel/kernel.s                   0x00000000   Number         0  rtexit.o ABSOLUTE
    ../clib/angel/kernel.s                   0x00000000   Number         0  __rtentry4.o ABSOLUTE
    ../clib/angel/kernel.s                   0x00000000   Number         0  __rtentry2.o ABSOLUTE
    ../clib/angel/kernel.s                   0x00000000   Number         0  __rtentry.o ABSOLUTE
    ../clib/angel/kernel.s                   0x00000000   Number         0  rtexit2.o ABSOLUTE
    ../clib/angel/rt.s                       0x00000000   Number         0  rt_raise.o ABSOLUTE
    ../clib/angel/scatter.s                  0x00000000   Number         0  __scatter.o ABSOLUTE
    ../clib/angel/startup.s                  0x00000000   Number         0  __main.o ABSOLUTE
    ../clib/angel/sys.s                      0x00000000   Number         0  libspace.o ABSOLUTE
    ../clib/angel/sys.s                      0x00000000   Number         0  sys_stackheap_outer.o ABSOLUTE
    ../clib/angel/sys.s                      0x00000000   Number         0  indicate_semi.o ABSOLUTE
    ../clib/angel/sys.s                      0x00000000   Number         0  use_no_semi_2.o ABSOLUTE
    ../clib/angel/sys.s                      0x00000000   Number         0  use_no_semi.o ABSOLUTE
    ../clib/angel/sysapp.c                   0x00000000   Number         0  sys_wrch.o ABSOLUTE
    ../clib/angel/sysapp.c                   0x00000000   Number         0  sys_command.o ABSOLUTE
    ../clib/armsys.c                         0x00000000   Number         0  no_argv.o ABSOLUTE
    ../clib/armsys.c                         0x00000000   Number         0  argv_veneer.o ABSOLUTE
    ../clib/armsys.c                         0x00000000   Number         0  argv_veneer.o ABSOLUTE
    ../clib/armsys.c                         0x00000000   Number         0  _get_argv_nomalloc.o ABSOLUTE
    ../clib/heapalloc.c                      0x00000000   Number         0  hrguard.o ABSOLUTE
    ../clib/heapaux.c                        0x00000000   Number         0  heapauxi.o ABSOLUTE
    ../clib/libinit.s                        0x00000000   Number         0  libshutdown2.o ABSOLUTE
    ../clib/libinit.s                        0x00000000   Number         0  libinit.o ABSOLUTE
    ../clib/libinit.s                        0x00000000   Number         0  libshutdown.o ABSOLUTE
    ../clib/libinit.s                        0x00000000   Number         0  libinit2.o ABSOLUTE
    ../clib/signal.c                         0x00000000   Number         0  defsig_fpe_inner.o ABSOLUTE
    ../clib/signal.c                         0x00000000   Number         0  defsig_rtred_inner.o ABSOLUTE
    ../clib/signal.c                         0x00000000   Number         0  defsig_stak_inner.o ABSOLUTE
    ../clib/signal.c                         0x00000000   Number         0  defsig_pvfn_inner.o ABSOLUTE
    ../clib/signal.c                         0x00000000   Number         0  defsig_rtmem_outer.o ABSOLUTE
    ../clib/signal.c                         0x00000000   Number         0  defsig_rtmem_formal.o ABSOLUTE
    ../clib/signal.c                         0x00000000   Number         0  defsig_cppl_inner.o ABSOLUTE
    ../clib/signal.c                         0x00000000   Number         0  defsig_other.o ABSOLUTE
    ../clib/signal.c                         0x00000000   Number         0  defsig_segv_inner.o ABSOLUTE
    ../clib/signal.c                         0x00000000   Number         0  defsig_exit.o ABSOLUTE
    ../clib/signal.c                         0x00000000   Number         0  defsig_abrt_inner.o ABSOLUTE
    ../clib/signal.c                         0x00000000   Number         0  defsig_rtmem_inner.o ABSOLUTE
    ../clib/signal.c                         0x00000000   Number         0  __raise.o ABSOLUTE
    ../clib/signal.c                         0x00000000   Number         0  defsig_general.o ABSOLUTE
    ../clib/signal.s                         0x00000000   Number         0  defsig.o ABSOLUTE
    ../clib/stdlib.c                         0x00000000   Number         0  exit.o ABSOLUTE
    ../fplib/fpinit.s                        0x00000000   Number         0  fpinit.o ABSOLUTE
    ..\CMSIS\CM3\Core\core_cm3.c             0x00000000   Number         0  core_cm3.o ABSOLUTE
    ..\CMSIS\HK32F1xx\Source\ARM\startup_hk32f103xB.s 0x00000000   Number         0  startup_hk32f103xb.o ABSOLUTE
    ..\CMSIS\HK32F1xx\Source\system_hk32f10x.c 0x00000000   Number         0  system_hk32f10x.o ABSOLUTE
    ..\HK32F103X_lib\src\hk32f10x_adc.c      0x00000000   Number         0  hk32f10x_adc.o ABSOLUTE
    ..\HK32F103X_lib\src\hk32f10x_bkp.c      0x00000000   Number         0  hk32f10x_bkp.o ABSOLUTE
    ..\HK32F103X_lib\src\hk32f10x_can.c      0x00000000   Number         0  hk32f10x_can.o ABSOLUTE
    ..\HK32F103X_lib\src\hk32f10x_crc.c      0x00000000   Number         0  hk32f10x_crc.o ABSOLUTE
    ..\HK32F103X_lib\src\hk32f10x_dac.c      0x00000000   Number         0  hk32f10x_dac.o ABSOLUTE
    ..\HK32F103X_lib\src\hk32f10x_dbgmcu.c   0x00000000   Number         0  hk32f10x_dbgmcu.o ABSOLUTE
    ..\HK32F103X_lib\src\hk32f10x_dma.c      0x00000000   Number         0  hk32f10x_dma.o ABSOLUTE
    ..\HK32F103X_lib\src\hk32f10x_exti.c     0x00000000   Number         0  hk32f10x_exti.o ABSOLUTE
    ..\HK32F103X_lib\src\hk32f10x_flash.c    0x00000000   Number         0  hk32f10x_flash.o ABSOLUTE
    ..\HK32F103X_lib\src\hk32f10x_fsmc.c     0x00000000   Number         0  hk32f10x_fsmc.o ABSOLUTE
    ..\HK32F103X_lib\src\hk32f10x_gpio.c     0x00000000   Number         0  hk32f10x_gpio.o ABSOLUTE
    ..\HK32F103X_lib\src\hk32f10x_i2c.c      0x00000000   Number         0  hk32f10x_i2c.o ABSOLUTE
    ..\HK32F103X_lib\src\hk32f10x_iwdg.c     0x00000000   Number         0  hk32f10x_iwdg.o ABSOLUTE
    ..\HK32F103X_lib\src\hk32f10x_pwr.c      0x00000000   Number         0  hk32f10x_pwr.o ABSOLUTE
    ..\HK32F103X_lib\src\hk32f10x_rcc.c      0x00000000   Number         0  hk32f10x_rcc.o ABSOLUTE
    ..\HK32F103X_lib\src\hk32f10x_rtc.c      0x00000000   Number         0  hk32f10x_rtc.o ABSOLUTE
    ..\HK32F103X_lib\src\hk32f10x_sdio.c     0x00000000   Number         0  hk32f10x_sdio.o ABSOLUTE
    ..\HK32F103X_lib\src\hk32f10x_spi.c      0x00000000   Number         0  hk32f10x_spi.o ABSOLUTE
    ..\HK32F103X_lib\src\hk32f10x_tim.c      0x00000000   Number         0  hk32f10x_tim.o ABSOLUTE
    ..\HK32F103X_lib\src\hk32f10x_usart.c    0x00000000   Number         0  hk32f10x_usart.o ABSOLUTE
    ..\HK32F103X_lib\src\hk32f10x_wwdg.c     0x00000000   Number         0  hk32f10x_wwdg.o ABSOLUTE
    ..\HK32F103X_lib\src\misc.c              0x00000000   Number         0  misc.o ABSOLUTE
    ..\\CMSIS\\CM3\\Core\\core_cm3.c         0x00000000   Number         0  core_cm3.o ABSOLUTE
    ..\bsp\SYS\sys.c                         0x00000000   Number         0  sys.o ABSOLUTE
    ..\bsp\delay\delay.c                     0x00000000   Number         0  delay.o ABSOLUTE
    ..\bsp\usart\usart.c                     0x00000000   Number         0  usart.o ABSOLUTE
    ..\hal\src\hq_i2c.c                      0x00000000   Number         0  hq_i2c.o ABSOLUTE
    ..\users\src\hk32f10x_it.c               0x00000000   Number         0  hk32f10x_it_1.o ABSOLUTE
    ..\users\src\main.c                      0x00000000   Number         0  main.o ABSOLUTE
    dc.s                                     0x00000000   Number         0  dc.o ABSOLUTE
    RESET                                    0x08000000   Section      236  startup_hk32f103xb.o(RESET)
    !!!main                                  0x080000ec   Section        8  __main.o(!!!main)
    !!!scatter                               0x080000f4   Section       52  __scatter.o(!!!scatter)
    !!handler_copy                           0x08000128   Section       26  __scatter_copy.o(!!handler_copy)
    !!handler_zi                             0x08000144   Section       28  __scatter_zi.o(!!handler_zi)
    .ARM.Collect$$libinit$$00000000          0x08000160   Section        2  libinit.o(.ARM.Collect$$libinit$$00000000)
    .ARM.Collect$$libinit$$00000002          0x08000162   Section        0  libinit2.o(.ARM.Collect$$libinit$$00000002)
    .ARM.Collect$$libinit$$00000004          0x08000162   Section        0  libinit2.o(.ARM.Collect$$libinit$$00000004)
    .ARM.Collect$$libinit$$0000000A          0x08000162   Section        0  libinit2.o(.ARM.Collect$$libinit$$0000000A)
    .ARM.Collect$$libinit$$0000000C          0x08000162   Section        0  libinit2.o(.ARM.Collect$$libinit$$0000000C)
    .ARM.Collect$$libinit$$0000000E          0x08000162   Section        0  libinit2.o(.ARM.Collect$$libinit$$0000000E)
    .ARM.Collect$$libinit$$00000011          0x08000162   Section        0  libinit2.o(.ARM.Collect$$libinit$$00000011)
    .ARM.Collect$$libinit$$00000013          0x08000162   Section        0  libinit2.o(.ARM.Collect$$libinit$$00000013)
    .ARM.Collect$$libinit$$00000015          0x08000162   Section        0  libinit2.o(.ARM.Collect$$libinit$$00000015)
    .ARM.Collect$$libinit$$00000017          0x08000162   Section        0  libinit2.o(.ARM.Collect$$libinit$$00000017)
    .ARM.Collect$$libinit$$00000019          0x08000162   Section        0  libinit2.o(.ARM.Collect$$libinit$$00000019)
    .ARM.Collect$$libinit$$0000001B          0x08000162   Section        0  libinit2.o(.ARM.Collect$$libinit$$0000001B)
    .ARM.Collect$$libinit$$0000001D          0x08000162   Section        0  libinit2.o(.ARM.Collect$$libinit$$0000001D)
    .ARM.Collect$$libinit$$0000001F          0x08000162   Section        0  libinit2.o(.ARM.Collect$$libinit$$0000001F)
    .ARM.Collect$$libinit$$00000021          0x08000162   Section        0  libinit2.o(.ARM.Collect$$libinit$$00000021)
    .ARM.Collect$$libinit$$00000023          0x08000162   Section        0  libinit2.o(.ARM.Collect$$libinit$$00000023)
    .ARM.Collect$$libinit$$00000025          0x08000162   Section        0  libinit2.o(.ARM.Collect$$libinit$$00000025)
    .ARM.Collect$$libinit$$0000002C          0x08000162   Section        0  libinit2.o(.ARM.Collect$$libinit$$0000002C)
    .ARM.Collect$$libinit$$0000002E          0x08000162   Section        0  libinit2.o(.ARM.Collect$$libinit$$0000002E)
    .ARM.Collect$$libinit$$00000030          0x08000162   Section        0  libinit2.o(.ARM.Collect$$libinit$$00000030)
    .ARM.Collect$$libinit$$00000032          0x08000162   Section        0  libinit2.o(.ARM.Collect$$libinit$$00000032)
    .ARM.Collect$$libinit$$00000033          0x08000162   Section        2  libinit2.o(.ARM.Collect$$libinit$$00000033)
    .ARM.Collect$$libshutdown$$00000000      0x08000164   Section        2  libshutdown.o(.ARM.Collect$$libshutdown$$00000000)
    .ARM.Collect$$libshutdown$$00000002      0x08000166   Section        0  libshutdown2.o(.ARM.Collect$$libshutdown$$00000002)
    .ARM.Collect$$libshutdown$$00000004      0x08000166   Section        0  libshutdown2.o(.ARM.Collect$$libshutdown$$00000004)
    .ARM.Collect$$libshutdown$$00000007      0x08000166   Section        0  libshutdown2.o(.ARM.Collect$$libshutdown$$00000007)
    .ARM.Collect$$libshutdown$$0000000A      0x08000166   Section        0  libshutdown2.o(.ARM.Collect$$libshutdown$$0000000A)
    .ARM.Collect$$libshutdown$$0000000C      0x08000166   Section        0  libshutdown2.o(.ARM.Collect$$libshutdown$$0000000C)
    .ARM.Collect$$libshutdown$$0000000F      0x08000166   Section        0  libshutdown2.o(.ARM.Collect$$libshutdown$$0000000F)
    .ARM.Collect$$libshutdown$$00000010      0x08000166   Section        2  libshutdown2.o(.ARM.Collect$$libshutdown$$00000010)
    .ARM.Collect$$rtentry$$00000000          0x08000168   Section        0  __rtentry.o(.ARM.Collect$$rtentry$$00000000)
    .ARM.Collect$$rtentry$$00000002          0x08000168   Section        0  __rtentry2.o(.ARM.Collect$$rtentry$$00000002)
    .ARM.Collect$$rtentry$$00000004          0x08000168   Section        6  __rtentry4.o(.ARM.Collect$$rtentry$$00000004)
    .ARM.Collect$$rtentry$$00000009          0x0800016e   Section        0  __rtentry2.o(.ARM.Collect$$rtentry$$00000009)
    .ARM.Collect$$rtentry$$0000000A          0x0800016e   Section        4  __rtentry2.o(.ARM.Collect$$rtentry$$0000000A)
    .ARM.Collect$$rtentry$$0000000C          0x08000172   Section        0  __rtentry2.o(.ARM.Collect$$rtentry$$0000000C)
    .ARM.Collect$$rtentry$$0000000D          0x08000172   Section        8  __rtentry2.o(.ARM.Collect$$rtentry$$0000000D)
    .ARM.Collect$$rtexit$$00000000           0x0800017a   Section        2  rtexit.o(.ARM.Collect$$rtexit$$00000000)
    .ARM.Collect$$rtexit$$00000002           0x0800017c   Section        0  rtexit2.o(.ARM.Collect$$rtexit$$00000002)
    .ARM.Collect$$rtexit$$00000003           0x0800017c   Section        4  rtexit2.o(.ARM.Collect$$rtexit$$00000003)
    .ARM.Collect$$rtexit$$00000004           0x08000180   Section        6  rtexit2.o(.ARM.Collect$$rtexit$$00000004)
    .text                                    0x08000188   Section       64  startup_hk32f103xb.o(.text)
    .text                                    0x080001c8   Section        2  use_no_semi_2.o(.text)
    .text                                    0x080001ca   Section        0  heapauxi.o(.text)
    .text                                    0x080001d0   Section        2  use_no_semi.o(.text)
    .text                                    0x080001d2   Section       74  sys_stackheap_outer.o(.text)
    .text                                    0x0800021c   Section        0  exit.o(.text)
    .text                                    0x08000230   Section        8  libspace.o(.text)
    i.BusFault_Handler                       0x08000238   Section        0  hk32f10x_it_1.o(i.BusFault_Handler)
    i.DebugMon_Handler                       0x0800023c   Section        0  hk32f10x_it_1.o(i.DebugMon_Handler)
    i.GPIO_Init                              0x0800023e   Section        0  hk32f10x_gpio.o(i.GPIO_Init)
    i.GPIO_WriteBit                          0x08000354   Section        0  hk32f10x_gpio.o(i.GPIO_WriteBit)
    i.HardFault_Handler                      0x0800035e   Section        0  hk32f10x_it_1.o(i.HardFault_Handler)
    i.I2C_CheckEvent                         0x08000362   Section        0  hk32f10x_i2c.o(i.I2C_CheckEvent)
    i.I2C_Cmd                                0x0800038c   Section        0  hk32f10x_i2c.o(i.I2C_Cmd)
    i.I2C_Configuration                      0x080003a4   Section        0  hq_i2c.o(i.I2C_Configuration)
    i.I2C_DeInit                             0x08000420   Section        0  hk32f10x_i2c.o(i.I2C_DeInit)
    i.I2C_GenerateSTART                      0x08000458   Section        0  hk32f10x_i2c.o(i.I2C_GenerateSTART)
    i.I2C_GenerateSTOP                       0x08000470   Section        0  hk32f10x_i2c.o(i.I2C_GenerateSTOP)
    i.I2C_GetFlagStatus                      0x08000488   Section        0  hk32f10x_i2c.o(i.I2C_GetFlagStatus)
    i.I2C_Init                               0x080004c4   Section        0  hk32f10x_i2c.o(i.I2C_Init)
    i.I2C_Send7bitAddress                    0x080005b0   Section        0  hk32f10x_i2c.o(i.I2C_Send7bitAddress)
    i.I2C_SendData                           0x080005c2   Section        0  hk32f10x_i2c.o(i.I2C_SendData)
    i.I2C_WriteNByte                         0x080005c8   Section        0  hq_i2c.o(i.I2C_WriteNByte)
    i.MemManage_Handler                      0x08000658   Section        0  hk32f10x_it_1.o(i.MemManage_Handler)
    i.NMI_Handler                            0x0800065c   Section        0  hk32f10x_it_1.o(i.NMI_Handler)
    i.PendSV_Handler                         0x0800065e   Section        0  hk32f10x_it_1.o(i.PendSV_Handler)
    i.RCC_APB1PeriphClockCmd                 0x08000660   Section        0  hk32f10x_rcc.o(i.RCC_APB1PeriphClockCmd)
    i.RCC_APB1PeriphResetCmd                 0x08000680   Section        0  hk32f10x_rcc.o(i.RCC_APB1PeriphResetCmd)
    i.RCC_APB2PeriphClockCmd                 0x080006a0   Section        0  hk32f10x_rcc.o(i.RCC_APB2PeriphClockCmd)
    i.RCC_GetClocksFreq                      0x080006c0   Section        0  hk32f10x_rcc.o(i.RCC_GetClocksFreq)
    i.SVC_Handler                            0x08000794   Section        0  hk32f10x_it_1.o(i.SVC_Handler)
    i.SetSysClock                            0x08000796   Section        0  system_hk32f10x.o(i.SetSysClock)
    SetSysClock                              0x08000797   Thumb Code     8  system_hk32f10x.o(i.SetSysClock)
    i.SetSysClockToHSI64                     0x080007a0   Section        0  system_hk32f10x.o(i.SetSysClockToHSI64)
    SetSysClockToHSI64                       0x080007a1   Thumb Code   216  system_hk32f10x.o(i.SetSysClockToHSI64)
    i.SysTick_CLKSourceConfig                0x08000880   Section        0  misc.o(i.SysTick_CLKSourceConfig)
    i.SysTick_Handler                        0x080008a8   Section        0  hk32f10x_it_1.o(i.SysTick_Handler)
    i.SystemInit                             0x080008ac   Section        0  system_hk32f10x.o(i.SystemInit)
    i.UsageFault_Handler                     0x0800090c   Section        0  hk32f10x_it_1.o(i.UsageFault_Handler)
    i._sys_exit                              0x08000910   Section        0  usart.o(i._sys_exit)
    i.delay_init                             0x08000914   Section        0  delay.o(i.delay_init)
    i.delay_ms                               0x08000954   Section        0  delay.o(i.delay_ms)
    i.fx_i2c                                 0x080009a4   Section        0  hq_i2c.o(i.fx_i2c)
    i.led_driver_init                        0x080009c0   Section        0  main.o(i.led_driver_init)
    i.main                                   0x080009ec   Section        0  main.o(i.main)
    .data                                    0x20000000   Section        4  delay.o(.data)
    fac_us                                   0x20000000   Data           1  delay.o(.data)
    fac_ms                                   0x20000002   Data           2  delay.o(.data)
    .data                                    0x20000004   Section       20  system_hk32f10x.o(.data)
    .data                                    0x20000018   Section       20  hk32f10x_rcc.o(.data)
    APBAHBPrescTable                         0x20000018   Data          16  hk32f10x_rcc.o(.data)
    ADCPrescTable                            0x20000028   Data           4  hk32f10x_rcc.o(.data)
    .data                                    0x2000002c   Section       36  main.o(.data)
    .bss                                     0x20000050   Section       96  libspace.o(.bss)
    HEAP                                     0x200000b0   Section      512  startup_hk32f103xb.o(HEAP)
    Heap_Mem                                 0x200000b0   Data         512  startup_hk32f103xb.o(HEAP)
    STACK                                    0x200002b0   Section     1024  startup_hk32f103xb.o(STACK)
    Stack_Mem                                0x200002b0   Data        1024  startup_hk32f103xb.o(STACK)
    __initial_sp                             0x200006b0   Data           0  startup_hk32f103xb.o(STACK)

    Global Symbols

    Symbol Name                              Value     Ov Type        Size  Object(Section)

    BuildAttributes$$THM_ISAv4$P$D$K$B$S$PE$A:L22UL41UL21$X:L11$S22US41US21$IEEE1$IW$USESV6$~STKCKD$USESV7$~SHL$OSPACE$ROPI$EBA8$UX$STANDARDLIB$REQ8$PRES8$EABIv2 0x00000000   Number         0  anon$$obj.o ABSOLUTE
    __ARM_use_no_argv                        0x00000000   Number         0  main.o ABSOLUTE
    __ARM_exceptions_init                     - Undefined Weak Reference
    __alloca_initialize                       - Undefined Weak Reference
    __arm_preinit_                            - Undefined Weak Reference
    __cpp_initialize__aeabi_                  - Undefined Weak Reference
    __cxa_finalize                            - Undefined Weak Reference
    __rt_locale                               - Undefined Weak Reference
    __sigvec_lookup                           - Undefined Weak Reference
    _atexit_init                              - Undefined Weak Reference
    _call_atexit_fns                          - Undefined Weak Reference
    _clock_init                               - Undefined Weak Reference
    _fp_trap_init                             - Undefined Weak Reference
    _fp_trap_shutdown                         - Undefined Weak Reference
    _get_lc_collate                           - Undefined Weak Reference
    _get_lc_ctype                             - Undefined Weak Reference
    _get_lc_monetary                          - Undefined Weak Reference
    _get_lc_numeric                           - Undefined Weak Reference
    _get_lc_time                              - Undefined Weak Reference
    _getenv_init                              - Undefined Weak Reference
    _handle_redirection                       - Undefined Weak Reference
    _init_alloc                               - Undefined Weak Reference
    _init_user_alloc                          - Undefined Weak Reference
    _initio                                   - Undefined Weak Reference
    _rand_init                                - Undefined Weak Reference
    _signal_finish                            - Undefined Weak Reference
    _signal_init                              - Undefined Weak Reference
    _terminate_alloc                          - Undefined Weak Reference
    _terminate_user_alloc                     - Undefined Weak Reference
    _terminateio                              - Undefined Weak Reference
    __Vectors_Size                           0x000000ec   Number         0  startup_hk32f103xb.o ABSOLUTE
    __Vectors                                0x08000000   Data           4  startup_hk32f103xb.o(RESET)
    __Vectors_End                            0x080000ec   Data           0  startup_hk32f103xb.o(RESET)
    __main                                   0x080000ed   Thumb Code     8  __main.o(!!!main)
    __scatterload                            0x080000f5   Thumb Code     0  __scatter.o(!!!scatter)
    __scatterload_rt2                        0x080000f5   Thumb Code    44  __scatter.o(!!!scatter)
    __scatterload_rt2_thumb_only             0x080000f5   Thumb Code     0  __scatter.o(!!!scatter)
    __scatterload_null                       0x08000103   Thumb Code     0  __scatter.o(!!!scatter)
    __scatterload_copy                       0x08000129   Thumb Code    26  __scatter_copy.o(!!handler_copy)
    __scatterload_zeroinit                   0x08000145   Thumb Code    28  __scatter_zi.o(!!handler_zi)
    __rt_lib_init                            0x08000161   Thumb Code     0  libinit.o(.ARM.Collect$$libinit$$00000000)
    __rt_lib_init_alloca_1                   0x08000163   Thumb Code     0  libinit2.o(.ARM.Collect$$libinit$$0000002E)
    __rt_lib_init_argv_1                     0x08000163   Thumb Code     0  libinit2.o(.ARM.Collect$$libinit$$0000002C)
    __rt_lib_init_atexit_1                   0x08000163   Thumb Code     0  libinit2.o(.ARM.Collect$$libinit$$0000001B)
    __rt_lib_init_clock_1                    0x08000163   Thumb Code     0  libinit2.o(.ARM.Collect$$libinit$$00000021)
    __rt_lib_init_cpp_1                      0x08000163   Thumb Code     0  libinit2.o(.ARM.Collect$$libinit$$00000032)
    __rt_lib_init_exceptions_1               0x08000163   Thumb Code     0  libinit2.o(.ARM.Collect$$libinit$$00000030)
    __rt_lib_init_fp_1                       0x08000163   Thumb Code     0  libinit2.o(.ARM.Collect$$libinit$$00000002)
    __rt_lib_init_fp_trap_1                  0x08000163   Thumb Code     0  libinit2.o(.ARM.Collect$$libinit$$0000001F)
    __rt_lib_init_getenv_1                   0x08000163   Thumb Code     0  libinit2.o(.ARM.Collect$$libinit$$00000023)
    __rt_lib_init_heap_1                     0x08000163   Thumb Code     0  libinit2.o(.ARM.Collect$$libinit$$0000000A)
    __rt_lib_init_lc_collate_1               0x08000163   Thumb Code     0  libinit2.o(.ARM.Collect$$libinit$$00000011)
    __rt_lib_init_lc_ctype_1                 0x08000163   Thumb Code     0  libinit2.o(.ARM.Collect$$libinit$$00000013)
    __rt_lib_init_lc_monetary_1              0x08000163   Thumb Code     0  libinit2.o(.ARM.Collect$$libinit$$00000015)
    __rt_lib_init_lc_numeric_1               0x08000163   Thumb Code     0  libinit2.o(.ARM.Collect$$libinit$$00000017)
    __rt_lib_init_lc_time_1                  0x08000163   Thumb Code     0  libinit2.o(.ARM.Collect$$libinit$$00000019)
    __rt_lib_init_preinit_1                  0x08000163   Thumb Code     0  libinit2.o(.ARM.Collect$$libinit$$00000004)
    __rt_lib_init_rand_1                     0x08000163   Thumb Code     0  libinit2.o(.ARM.Collect$$libinit$$0000000E)
    __rt_lib_init_return                     0x08000163   Thumb Code     0  libinit2.o(.ARM.Collect$$libinit$$00000033)
    __rt_lib_init_signal_1                   0x08000163   Thumb Code     0  libinit2.o(.ARM.Collect$$libinit$$0000001D)
    __rt_lib_init_stdio_1                    0x08000163   Thumb Code     0  libinit2.o(.ARM.Collect$$libinit$$00000025)
    __rt_lib_init_user_alloc_1               0x08000163   Thumb Code     0  libinit2.o(.ARM.Collect$$libinit$$0000000C)
    __rt_lib_shutdown                        0x08000165   Thumb Code     0  libshutdown.o(.ARM.Collect$$libshutdown$$00000000)
    __rt_lib_shutdown_cpp_1                  0x08000167   Thumb Code     0  libshutdown2.o(.ARM.Collect$$libshutdown$$00000002)
    __rt_lib_shutdown_fp_trap_1              0x08000167   Thumb Code     0  libshutdown2.o(.ARM.Collect$$libshutdown$$00000007)
    __rt_lib_shutdown_heap_1                 0x08000167   Thumb Code     0  libshutdown2.o(.ARM.Collect$$libshutdown$$0000000F)
    __rt_lib_shutdown_return                 0x08000167   Thumb Code     0  libshutdown2.o(.ARM.Collect$$libshutdown$$00000010)
    __rt_lib_shutdown_signal_1               0x08000167   Thumb Code     0  libshutdown2.o(.ARM.Collect$$libshutdown$$0000000A)
    __rt_lib_shutdown_stdio_1                0x08000167   Thumb Code     0  libshutdown2.o(.ARM.Collect$$libshutdown$$00000004)
    __rt_lib_shutdown_user_alloc_1           0x08000167   Thumb Code     0  libshutdown2.o(.ARM.Collect$$libshutdown$$0000000C)
    __rt_entry                               0x08000169   Thumb Code     0  __rtentry.o(.ARM.Collect$$rtentry$$00000000)
    __rt_entry_presh_1                       0x08000169   Thumb Code     0  __rtentry2.o(.ARM.Collect$$rtentry$$00000002)
    __rt_entry_sh                            0x08000169   Thumb Code     0  __rtentry4.o(.ARM.Collect$$rtentry$$00000004)
    __rt_entry_li                            0x0800016f   Thumb Code     0  __rtentry2.o(.ARM.Collect$$rtentry$$0000000A)
    __rt_entry_postsh_1                      0x0800016f   Thumb Code     0  __rtentry2.o(.ARM.Collect$$rtentry$$00000009)
    __rt_entry_main                          0x08000173   Thumb Code     0  __rtentry2.o(.ARM.Collect$$rtentry$$0000000D)
    __rt_entry_postli_1                      0x08000173   Thumb Code     0  __rtentry2.o(.ARM.Collect$$rtentry$$0000000C)
    __rt_exit                                0x0800017b   Thumb Code     0  rtexit.o(.ARM.Collect$$rtexit$$00000000)
    __rt_exit_ls                             0x0800017d   Thumb Code     0  rtexit2.o(.ARM.Collect$$rtexit$$00000003)
    __rt_exit_prels_1                        0x0800017d   Thumb Code     0  rtexit2.o(.ARM.Collect$$rtexit$$00000002)
    __rt_exit_exit                           0x08000181   Thumb Code     0  rtexit2.o(.ARM.Collect$$rtexit$$00000004)
    Reset_Handler                            0x08000189   Thumb Code     8  startup_hk32f103xb.o(.text)
    ADC1_2_IRQHandler                        0x080001a3   Thumb Code     0  startup_hk32f103xb.o(.text)
    CAN1_RX1_IRQHandler                      0x080001a3   Thumb Code     0  startup_hk32f103xb.o(.text)
    CAN1_SCE_IRQHandler                      0x080001a3   Thumb Code     0  startup_hk32f103xb.o(.text)
    DMA1_Channel1_IRQHandler                 0x080001a3   Thumb Code     0  startup_hk32f103xb.o(.text)
    DMA1_Channel2_IRQHandler                 0x080001a3   Thumb Code     0  startup_hk32f103xb.o(.text)
    DMA1_Channel3_IRQHandler                 0x080001a3   Thumb Code     0  startup_hk32f103xb.o(.text)
    DMA1_Channel4_IRQHandler                 0x080001a3   Thumb Code     0  startup_hk32f103xb.o(.text)
    DMA1_Channel5_IRQHandler                 0x080001a3   Thumb Code     0  startup_hk32f103xb.o(.text)
    DMA1_Channel6_IRQHandler                 0x080001a3   Thumb Code     0  startup_hk32f103xb.o(.text)
    DMA1_Channel7_IRQHandler                 0x080001a3   Thumb Code     0  startup_hk32f103xb.o(.text)
    EXTI0_IRQHandler                         0x080001a3   Thumb Code     0  startup_hk32f103xb.o(.text)
    EXTI15_10_IRQHandler                     0x080001a3   Thumb Code     0  startup_hk32f103xb.o(.text)
    EXTI1_IRQHandler                         0x080001a3   Thumb Code     0  startup_hk32f103xb.o(.text)
    EXTI2_IRQHandler                         0x080001a3   Thumb Code     0  startup_hk32f103xb.o(.text)
    EXTI3_IRQHandler                         0x080001a3   Thumb Code     0  startup_hk32f103xb.o(.text)
    EXTI4_IRQHandler                         0x080001a3   Thumb Code     0  startup_hk32f103xb.o(.text)
    EXTI9_5_IRQHandler                       0x080001a3   Thumb Code     0  startup_hk32f103xb.o(.text)
    FLASH_IRQHandler                         0x080001a3   Thumb Code     0  startup_hk32f103xb.o(.text)
    I2C1_ER_IRQHandler                       0x080001a3   Thumb Code     0  startup_hk32f103xb.o(.text)
    I2C1_EV_IRQHandler                       0x080001a3   Thumb Code     0  startup_hk32f103xb.o(.text)
    I2C2_ER_IRQHandler                       0x080001a3   Thumb Code     0  startup_hk32f103xb.o(.text)
    I2C2_EV_IRQHandler                       0x080001a3   Thumb Code     0  startup_hk32f103xb.o(.text)
    PVD_IRQHandler                           0x080001a3   Thumb Code     0  startup_hk32f103xb.o(.text)
    RCC_IRQHandler                           0x080001a3   Thumb Code     0  startup_hk32f103xb.o(.text)
    RTC_Alarm_IRQHandler                     0x080001a3   Thumb Code     0  startup_hk32f103xb.o(.text)
    RTC_IRQHandler                           0x080001a3   Thumb Code     0  startup_hk32f103xb.o(.text)
    SPI1_IRQHandler                          0x080001a3   Thumb Code     0  startup_hk32f103xb.o(.text)
    SPI2_IRQHandler                          0x080001a3   Thumb Code     0  startup_hk32f103xb.o(.text)
    TAMPER_IRQHandler                        0x080001a3   Thumb Code     0  startup_hk32f103xb.o(.text)
    TIM1_BRK_IRQHandler                      0x080001a3   Thumb Code     0  startup_hk32f103xb.o(.text)
    TIM1_CC_IRQHandler                       0x080001a3   Thumb Code     0  startup_hk32f103xb.o(.text)
    TIM1_TRG_COM_IRQHandler                  0x080001a3   Thumb Code     0  startup_hk32f103xb.o(.text)
    TIM1_UP_IRQHandler                       0x080001a3   Thumb Code     0  startup_hk32f103xb.o(.text)
    TIM2_IRQHandler                          0x080001a3   Thumb Code     0  startup_hk32f103xb.o(.text)
    TIM3_IRQHandler                          0x080001a3   Thumb Code     0  startup_hk32f103xb.o(.text)
    TIM4_IRQHandler                          0x080001a3   Thumb Code     0  startup_hk32f103xb.o(.text)
    USART1_IRQHandler                        0x080001a3   Thumb Code     0  startup_hk32f103xb.o(.text)
    USART2_IRQHandler                        0x080001a3   Thumb Code     0  startup_hk32f103xb.o(.text)
    USART3_IRQHandler                        0x080001a3   Thumb Code     0  startup_hk32f103xb.o(.text)
    USBWakeUp_IRQHandler                     0x080001a3   Thumb Code     0  startup_hk32f103xb.o(.text)
    USB_HP_CAN1_TX_IRQHandler                0x080001a3   Thumb Code     0  startup_hk32f103xb.o(.text)
    USB_LP_CAN1_RX0_IRQHandler               0x080001a3   Thumb Code     0  startup_hk32f103xb.o(.text)
    WWDG_IRQHandler                          0x080001a3   Thumb Code     0  startup_hk32f103xb.o(.text)
    __user_initial_stackheap                 0x080001a5   Thumb Code     0  startup_hk32f103xb.o(.text)
    __use_no_semihosting                     0x080001c9   Thumb Code     2  use_no_semi_2.o(.text)
    __use_two_region_memory                  0x080001cb   Thumb Code     2  heapauxi.o(.text)
    __rt_heap_escrow$2region                 0x080001cd   Thumb Code     2  heapauxi.o(.text)
    __rt_heap_expand$2region                 0x080001cf   Thumb Code     2  heapauxi.o(.text)
    __I$use$semihosting                      0x080001d1   Thumb Code     0  use_no_semi.o(.text)
    __use_no_semihosting_swi                 0x080001d1   Thumb Code     2  use_no_semi.o(.text)
    __user_setup_stackheap                   0x080001d3   Thumb Code    74  sys_stackheap_outer.o(.text)
    exit                                     0x0800021d   Thumb Code    18  exit.o(.text)
    __user_libspace                          0x08000231   Thumb Code     8  libspace.o(.text)
    __user_perproc_libspace                  0x08000231   Thumb Code     0  libspace.o(.text)
    __user_perthread_libspace                0x08000231   Thumb Code     0  libspace.o(.text)
    BusFault_Handler                         0x08000239   Thumb Code     4  hk32f10x_it_1.o(i.BusFault_Handler)
    DebugMon_Handler                         0x0800023d   Thumb Code     2  hk32f10x_it_1.o(i.DebugMon_Handler)
    GPIO_Init                                0x0800023f   Thumb Code   278  hk32f10x_gpio.o(i.GPIO_Init)
    GPIO_WriteBit                            0x08000355   Thumb Code    10  hk32f10x_gpio.o(i.GPIO_WriteBit)
    HardFault_Handler                        0x0800035f   Thumb Code     4  hk32f10x_it_1.o(i.HardFault_Handler)
    I2C_CheckEvent                           0x08000363   Thumb Code    42  hk32f10x_i2c.o(i.I2C_CheckEvent)
    I2C_Cmd                                  0x0800038d   Thumb Code    24  hk32f10x_i2c.o(i.I2C_Cmd)
    I2C_Configuration                        0x080003a5   Thumb Code   110  hq_i2c.o(i.I2C_Configuration)
    I2C_DeInit                               0x08000421   Thumb Code    50  hk32f10x_i2c.o(i.I2C_DeInit)
    I2C_GenerateSTART                        0x08000459   Thumb Code    24  hk32f10x_i2c.o(i.I2C_GenerateSTART)
    I2C_GenerateSTOP                         0x08000471   Thumb Code    24  hk32f10x_i2c.o(i.I2C_GenerateSTOP)
    I2C_GetFlagStatus                        0x08000489   Thumb Code    58  hk32f10x_i2c.o(i.I2C_GetFlagStatus)
    I2C_Init                                 0x080004c5   Thumb Code   222  hk32f10x_i2c.o(i.I2C_Init)
    I2C_Send7bitAddress                      0x080005b1   Thumb Code    18  hk32f10x_i2c.o(i.I2C_Send7bitAddress)
    I2C_SendData                             0x080005c3   Thumb Code     4  hk32f10x_i2c.o(i.I2C_SendData)
    I2C_WriteNByte                           0x080005c9   Thumb Code   132  hq_i2c.o(i.I2C_WriteNByte)
    MemManage_Handler                        0x08000659   Thumb Code     4  hk32f10x_it_1.o(i.MemManage_Handler)
    NMI_Handler                              0x0800065d   Thumb Code     2  hk32f10x_it_1.o(i.NMI_Handler)
    PendSV_Handler                           0x0800065f   Thumb Code     2  hk32f10x_it_1.o(i.PendSV_Handler)
    RCC_APB1PeriphClockCmd                   0x08000661   Thumb Code    26  hk32f10x_rcc.o(i.RCC_APB1PeriphClockCmd)
    RCC_APB1PeriphResetCmd                   0x08000681   Thumb Code    26  hk32f10x_rcc.o(i.RCC_APB1PeriphResetCmd)
    RCC_APB2PeriphClockCmd                   0x080006a1   Thumb Code    26  hk32f10x_rcc.o(i.RCC_APB2PeriphClockCmd)
    RCC_GetClocksFreq                        0x080006c1   Thumb Code   192  hk32f10x_rcc.o(i.RCC_GetClocksFreq)
    SVC_Handler                              0x08000795   Thumb Code     2  hk32f10x_it_1.o(i.SVC_Handler)
    SysTick_CLKSourceConfig                  0x08000881   Thumb Code    40  misc.o(i.SysTick_CLKSourceConfig)
    SysTick_Handler                          0x080008a9   Thumb Code     2  hk32f10x_it_1.o(i.SysTick_Handler)
    SystemInit                               0x080008ad   Thumb Code    78  system_hk32f10x.o(i.SystemInit)
    UsageFault_Handler                       0x0800090d   Thumb Code     4  hk32f10x_it_1.o(i.UsageFault_Handler)
    _sys_exit                                0x08000911   Thumb Code     4  usart.o(i._sys_exit)
    delay_init                               0x08000915   Thumb Code    46  delay.o(i.delay_init)
    delay_ms                                 0x08000955   Thumb Code    74  delay.o(i.delay_ms)
    fx_i2c                                   0x080009a5   Thumb Code    28  hq_i2c.o(i.fx_i2c)
    led_driver_init                          0x080009c1   Thumb Code    40  main.o(i.led_driver_init)
    main                                     0x080009ed   Thumb Code   428  main.o(i.main)
    Region$$Table$$Base                      0x08000b9c   Number         0  anon$$obj.o(Region$$Table)
    Region$$Table$$Limit                     0x08000bbc   Number         0  anon$$obj.o(Region$$Table)
    SystemCoreClock                          0x20000004   Data           4  system_hk32f10x.o(.data)
    AHBPrescTable                            0x20000008   Data          16  system_hk32f10x.o(.data)
    leds                                     0x2000002c   Data          36  main.o(.data)
    __libspace_start                         0x20000050   Data          96  libspace.o(.bss)
    __temporary_stack_top$libspace           0x200000b0   Data           0  libspace.o(.bss)



==============================================================================

Memory Map of the image

  Image Entry point : 0x080000ed

  Load Region LR_IROM1 (Base: 0x08000000, Size: 0x00000c0c, Max: 0x00020000, ABSOLUTE)

    Execution Region ER_IROM1 (Exec base: 0x08000000, Load base: 0x08000000, Size: 0x00000bbc, Max: 0x00020000, ABSOLUTE)

    Exec Addr    Load Addr    Size         Type   Attr      Idx    E Section Name        Object

    0x08000000   0x08000000   0x000000ec   Data   RO         3167    RESET               startup_hk32f103xb.o
    0x080000ec   0x080000ec   0x00000008   Code   RO         3208  * !!!main             c_w.l(__main.o)
    0x080000f4   0x080000f4   0x00000034   Code   RO         3363    !!!scatter          c_w.l(__scatter.o)
    0x08000128   0x08000128   0x0000001a   Code   RO         3365    !!handler_copy      c_w.l(__scatter_copy.o)
    0x08000142   0x08000142   0x00000002   PAD
    0x08000144   0x08000144   0x0000001c   Code   RO         3367    !!handler_zi        c_w.l(__scatter_zi.o)
    0x08000160   0x08000160   0x00000002   Code   RO         3237    .ARM.Collect$$libinit$$00000000  c_w.l(libinit.o)
    0x08000162   0x08000162   0x00000000   Code   RO         3244    .ARM.Collect$$libinit$$00000002  c_w.l(libinit2.o)
    0x08000162   0x08000162   0x00000000   Code   RO         3246    .ARM.Collect$$libinit$$00000004  c_w.l(libinit2.o)
    0x08000162   0x08000162   0x00000000   Code   RO         3249    .ARM.Collect$$libinit$$0000000A  c_w.l(libinit2.o)
    0x08000162   0x08000162   0x00000000   Code   RO         3251    .ARM.Collect$$libinit$$0000000C  c_w.l(libinit2.o)
    0x08000162   0x08000162   0x00000000   Code   RO         3253    .ARM.Collect$$libinit$$0000000E  c_w.l(libinit2.o)
    0x08000162   0x08000162   0x00000000   Code   RO         3256    .ARM.Collect$$libinit$$00000011  c_w.l(libinit2.o)
    0x08000162   0x08000162   0x00000000   Code   RO         3258    .ARM.Collect$$libinit$$00000013  c_w.l(libinit2.o)
    0x08000162   0x08000162   0x00000000   Code   RO         3260    .ARM.Collect$$libinit$$00000015  c_w.l(libinit2.o)
    0x08000162   0x08000162   0x00000000   Code   RO         3262    .ARM.Collect$$libinit$$00000017  c_w.l(libinit2.o)
    0x08000162   0x08000162   0x00000000   Code   RO         3264    .ARM.Collect$$libinit$$00000019  c_w.l(libinit2.o)
    0x08000162   0x08000162   0x00000000   Code   RO         3266    .ARM.Collect$$libinit$$0000001B  c_w.l(libinit2.o)
    0x08000162   0x08000162   0x00000000   Code   RO         3268    .ARM.Collect$$libinit$$0000001D  c_w.l(libinit2.o)
    0x08000162   0x08000162   0x00000000   Code   RO         3270    .ARM.Collect$$libinit$$0000001F  c_w.l(libinit2.o)
    0x08000162   0x08000162   0x00000000   Code   RO         3272    .ARM.Collect$$libinit$$00000021  c_w.l(libinit2.o)
    0x08000162   0x08000162   0x00000000   Code   RO         3274    .ARM.Collect$$libinit$$00000023  c_w.l(libinit2.o)
    0x08000162   0x08000162   0x00000000   Code   RO         3276    .ARM.Collect$$libinit$$00000025  c_w.l(libinit2.o)
    0x08000162   0x08000162   0x00000000   Code   RO         3280    .ARM.Collect$$libinit$$0000002C  c_w.l(libinit2.o)
    0x08000162   0x08000162   0x00000000   Code   RO         3282    .ARM.Collect$$libinit$$0000002E  c_w.l(libinit2.o)
    0x08000162   0x08000162   0x00000000   Code   RO         3284    .ARM.Collect$$libinit$$00000030  c_w.l(libinit2.o)
    0x08000162   0x08000162   0x00000000   Code   RO         3286    .ARM.Collect$$libinit$$00000032  c_w.l(libinit2.o)
    0x08000162   0x08000162   0x00000002   Code   RO         3287    .ARM.Collect$$libinit$$00000033  c_w.l(libinit2.o)
    0x08000164   0x08000164   0x00000002   Code   RO         3305    .ARM.Collect$$libshutdown$$00000000  c_w.l(libshutdown.o)
    0x08000166   0x08000166   0x00000000   Code   RO         3315    .ARM.Collect$$libshutdown$$00000002  c_w.l(libshutdown2.o)
    0x08000166   0x08000166   0x00000000   Code   RO         3317    .ARM.Collect$$libshutdown$$00000004  c_w.l(libshutdown2.o)
    0x08000166   0x08000166   0x00000000   Code   RO         3320    .ARM.Collect$$libshutdown$$00000007  c_w.l(libshutdown2.o)
    0x08000166   0x08000166   0x00000000   Code   RO         3323    .ARM.Collect$$libshutdown$$0000000A  c_w.l(libshutdown2.o)
    0x08000166   0x08000166   0x00000000   Code   RO         3325    .ARM.Collect$$libshutdown$$0000000C  c_w.l(libshutdown2.o)
    0x08000166   0x08000166   0x00000000   Code   RO         3328    .ARM.Collect$$libshutdown$$0000000F  c_w.l(libshutdown2.o)
    0x08000166   0x08000166   0x00000002   Code   RO         3329    .ARM.Collect$$libshutdown$$00000010  c_w.l(libshutdown2.o)
    0x08000168   0x08000168   0x00000000   Code   RO         3212    .ARM.Collect$$rtentry$$00000000  c_w.l(__rtentry.o)
    0x08000168   0x08000168   0x00000000   Code   RO         3214    .ARM.Collect$$rtentry$$00000002  c_w.l(__rtentry2.o)
    0x08000168   0x08000168   0x00000006   Code   RO         3226    .ARM.Collect$$rtentry$$00000004  c_w.l(__rtentry4.o)
    0x0800016e   0x0800016e   0x00000000   Code   RO         3216    .ARM.Collect$$rtentry$$00000009  c_w.l(__rtentry2.o)
    0x0800016e   0x0800016e   0x00000004   Code   RO         3217    .ARM.Collect$$rtentry$$0000000A  c_w.l(__rtentry2.o)
    0x08000172   0x08000172   0x00000000   Code   RO         3219    .ARM.Collect$$rtentry$$0000000C  c_w.l(__rtentry2.o)
    0x08000172   0x08000172   0x00000008   Code   RO         3220    .ARM.Collect$$rtentry$$0000000D  c_w.l(__rtentry2.o)
    0x0800017a   0x0800017a   0x00000002   Code   RO         3241    .ARM.Collect$$rtexit$$00000000  c_w.l(rtexit.o)
    0x0800017c   0x0800017c   0x00000000   Code   RO         3289    .ARM.Collect$$rtexit$$00000002  c_w.l(rtexit2.o)
    0x0800017c   0x0800017c   0x00000004   Code   RO         3290    .ARM.Collect$$rtexit$$00000003  c_w.l(rtexit2.o)
    0x08000180   0x08000180   0x00000006   Code   RO         3291    .ARM.Collect$$rtexit$$00000004  c_w.l(rtexit2.o)
    0x08000186   0x08000186   0x00000002   PAD
    0x08000188   0x08000188   0x00000040   Code   RO         3168    .text               startup_hk32f103xb.o
    0x080001c8   0x080001c8   0x00000002   Code   RO         3204    .text               c_w.l(use_no_semi_2.o)
    0x080001ca   0x080001ca   0x00000006   Code   RO         3206    .text               c_w.l(heapauxi.o)
    0x080001d0   0x080001d0   0x00000002   Code   RO         3210    .text               c_w.l(use_no_semi.o)
    0x080001d2   0x080001d2   0x0000004a   Code   RO         3228    .text               c_w.l(sys_stackheap_outer.o)
    0x0800021c   0x0800021c   0x00000012   Code   RO         3230    .text               c_w.l(exit.o)
    0x0800022e   0x0800022e   0x00000002   PAD
    0x08000230   0x08000230   0x00000008   Code   RO         3238    .text               c_w.l(libspace.o)
    0x08000238   0x08000238   0x00000004   Code   RO         3074    i.BusFault_Handler  hk32f10x_it_1.o
    0x0800023c   0x0800023c   0x00000002   Code   RO         3075    i.DebugMon_Handler  hk32f10x_it_1.o
    0x0800023e   0x0800023e   0x00000116   Code   RO         1227    i.GPIO_Init         hk32f10x_gpio.o
    0x08000354   0x08000354   0x0000000a   Code   RO         1238    i.GPIO_WriteBit     hk32f10x_gpio.o
    0x0800035e   0x0800035e   0x00000004   Code   RO         3076    i.HardFault_Handler  hk32f10x_it_1.o
    0x08000362   0x08000362   0x0000002a   Code   RO         1333    i.I2C_CheckEvent    hk32f10x_i2c.o
    0x0800038c   0x0800038c   0x00000018   Code   RO         1336    i.I2C_Cmd           hk32f10x_i2c.o
    0x080003a4   0x080003a4   0x0000007c   Code   RO         3172    i.I2C_Configuration  hq_i2c.o
    0x08000420   0x08000420   0x00000038   Code   RO         1339    i.I2C_DeInit        hk32f10x_i2c.o
    0x08000458   0x08000458   0x00000018   Code   RO         1343    i.I2C_GenerateSTART  hk32f10x_i2c.o
    0x08000470   0x08000470   0x00000018   Code   RO         1344    i.I2C_GenerateSTOP  hk32f10x_i2c.o
    0x08000488   0x08000488   0x0000003a   Code   RO         1345    i.I2C_GetFlagStatus  hk32f10x_i2c.o
    0x080004c2   0x080004c2   0x00000002   PAD
    0x080004c4   0x080004c4   0x000000ec   Code   RO         1350    i.I2C_Init          hk32f10x_i2c.o
    0x080005b0   0x080005b0   0x00000012   Code   RO         1357    i.I2C_Send7bitAddress  hk32f10x_i2c.o
    0x080005c2   0x080005c2   0x00000004   Code   RO         1358    i.I2C_SendData      hk32f10x_i2c.o
    0x080005c6   0x080005c6   0x00000002   PAD
    0x080005c8   0x080005c8   0x00000090   Code   RO         3174    i.I2C_WriteNByte    hq_i2c.o
    0x08000658   0x08000658   0x00000004   Code   RO         3077    i.MemManage_Handler  hk32f10x_it_1.o
    0x0800065c   0x0800065c   0x00000002   Code   RO         3078    i.NMI_Handler       hk32f10x_it_1.o
    0x0800065e   0x0800065e   0x00000002   Code   RO         3079    i.PendSV_Handler    hk32f10x_it_1.o
    0x08000660   0x08000660   0x00000020   Code   RO         1638    i.RCC_APB1PeriphClockCmd  hk32f10x_rcc.o
    0x08000680   0x08000680   0x00000020   Code   RO         1639    i.RCC_APB1PeriphResetCmd  hk32f10x_rcc.o
    0x080006a0   0x080006a0   0x00000020   Code   RO         1640    i.RCC_APB2PeriphClockCmd  hk32f10x_rcc.o
    0x080006c0   0x080006c0   0x000000d4   Code   RO         1648    i.RCC_GetClocksFreq  hk32f10x_rcc.o
    0x08000794   0x08000794   0x00000002   Code   RO         3080    i.SVC_Handler       hk32f10x_it_1.o
    0x08000796   0x08000796   0x00000008   Code   RO          181    i.SetSysClock       system_hk32f10x.o
    0x0800079e   0x0800079e   0x00000002   PAD
    0x080007a0   0x080007a0   0x000000e0   Code   RO          182    i.SetSysClockToHSI64  system_hk32f10x.o
    0x08000880   0x08000880   0x00000028   Code   RO         3042    i.SysTick_CLKSourceConfig  misc.o
    0x080008a8   0x080008a8   0x00000002   Code   RO         3081    i.SysTick_Handler   hk32f10x_it_1.o
    0x080008aa   0x080008aa   0x00000002   PAD
    0x080008ac   0x080008ac   0x00000060   Code   RO          184    i.SystemInit        system_hk32f10x.o
    0x0800090c   0x0800090c   0x00000004   Code   RO         3082    i.UsageFault_Handler  hk32f10x_it_1.o
    0x08000910   0x08000910   0x00000004   Code   RO          132    i._sys_exit         usart.o
    0x08000914   0x08000914   0x00000040   Code   RO            1    i.delay_init        delay.o
    0x08000954   0x08000954   0x00000050   Code   RO            2    i.delay_ms          delay.o
    0x080009a4   0x080009a4   0x0000001c   Code   RO         3175    i.fx_i2c            hq_i2c.o
    0x080009c0   0x080009c0   0x0000002c   Code   RO         3137    i.led_driver_init   main.o
    0x080009ec   0x080009ec   0x000001b0   Code   RO         3138    i.main              main.o
    0x08000b9c   0x08000b9c   0x00000020   Data   RO         3361    Region$$Table       anon$$obj.o


    Execution Region RW_IRAM1 (Exec base: 0x20000000, Load base: 0x08000bbc, Size: 0x000006b0, Max: 0x00005000, ABSOLUTE)

    Exec Addr    Load Addr    Size         Type   Attr      Idx    E Section Name        Object

    0x20000000   0x08000bbc   0x00000004   Data   RW            4    .data               delay.o
    0x20000004   0x08000bc0   0x00000014   Data   RW          185    .data               system_hk32f10x.o
    0x20000018   0x08000bd4   0x00000014   Data   RW         1668    .data               hk32f10x_rcc.o
    0x2000002c   0x08000be8   0x00000024   Data   RW         3139    .data               main.o
    0x20000050        -       0x00000060   Zero   RW         3239    .bss                c_w.l(libspace.o)
    0x200000b0        -       0x00000200   Zero   RW         3166    HEAP                startup_hk32f103xb.o
    0x200002b0        -       0x00000400   Zero   RW         3165    STACK               startup_hk32f103xb.o


==============================================================================

Image component sizes


      Code (inc. data)   RO Data    RW Data    ZI Data      Debug   Object Name

         0          0          0          0          0         32   core_cm3.o
       144         24          0          4          0     230672   delay.o
       288          0          0          0          0       2576   hk32f10x_gpio.o
       486         20          0          0          0       6987   hk32f10x_i2c.o
        26          0          0          0          0       3730   hk32f10x_it_1.o
       308         38          0         20          0       4927   hk32f10x_rcc.o
       296         26          0          0          0       2274   hq_i2c.o
       476          8          0         36          0       1900   main.o
        40          0          0          0          0        494   misc.o
        64         26        236          0       1536        820   startup_hk32f103xb.o
       328         26          0         20          0       2345   system_hk32f10x.o
         4          0          0          0          0        428   usart.o

    ----------------------------------------------------------------------
      2468        168        268         80       1536     257185   Object Totals
         0          0         32          0          0          0   (incl. Generated)
         8          0          0          0          0          0   (incl. Padding)

    ----------------------------------------------------------------------

      Code (inc. data)   RO Data    RW Data    ZI Data      Debug   Library Member Name

         8          0          0          0          0         68   __main.o
         0          0          0          0          0          0   __rtentry.o
        12          0          0          0          0          0   __rtentry2.o
         6          0          0          0          0          0   __rtentry4.o
        52          8          0          0          0          0   __scatter.o
        26          0          0          0          0          0   __scatter_copy.o
        28          0          0          0          0          0   __scatter_zi.o
        18          0          0          0          0         80   exit.o
         6          0          0          0          0        152   heapauxi.o
         2          0          0          0          0          0   libinit.o
         2          0          0          0          0          0   libinit2.o
         2          0          0          0          0          0   libshutdown.o
         2          0          0          0          0          0   libshutdown2.o
         8          4          0          0         96         68   libspace.o
         2          0          0          0          0          0   rtexit.o
        10          0          0          0          0          0   rtexit2.o
        74          0          0          0          0         80   sys_stackheap_outer.o
         2          0          0          0          0         68   use_no_semi.o
         2          0          0          0          0         68   use_no_semi_2.o

    ----------------------------------------------------------------------
       268         12          0          0         96        584   Library Totals
         6          0          0          0          0          0   (incl. Padding)

    ----------------------------------------------------------------------

      Code (inc. data)   RO Data    RW Data    ZI Data      Debug   Library Name

       262         12          0          0         96        584   c_w.l

    ----------------------------------------------------------------------
       268         12          0          0         96        584   Library Totals

    ----------------------------------------------------------------------

==============================================================================


      Code (inc. data)   RO Data    RW Data    ZI Data      Debug   

      2736        180        268         80       1632     255997   Grand Totals
      2736        180        268         80       1632     255997   ELF Image Totals
      2736        180        268         80          0          0   ROM Totals

==============================================================================

    Total RO  Size (Code + RO Data)                 3004 (   2.93kB)
    Total RW  Size (RW Data + ZI Data)              1712 (   1.67kB)
    Total ROM Size (Code + RO Data + RW Data)       3084 (   3.01kB)

==============================================================================

